Archive member included to satisfy reference by file (symbol)

/usr/lib/gcc/arm-none-eabi/9.2.1/thumb/v6-m/nofp/libgcc.a(_dvmd_tls.o)
                              CMakeFiles/closed-loop-stepper-motor-control.dir/home/iamamistake/pi/pico/pico-sdk/src/rp2_common/pico_divider/divider.S.obj (__aeabi_idiv0)
/usr/lib/gcc/arm-none-eabi/9.2.1/../../../arm-none-eabi/lib/thumb/v6-m/nofp/libc.a(lib_a-atexit.o)
                              /usr/lib/gcc/arm-none-eabi/9.2.1/../../../arm-none-eabi/lib/thumb/v6-m/nofp/crt0.o (atexit)
/usr/lib/gcc/arm-none-eabi/9.2.1/../../../arm-none-eabi/lib/thumb/v6-m/nofp/libc.a(lib_a-calloc.o)
                              CMakeFiles/closed-loop-stepper-motor-control.dir/home/iamamistake/pi/pico/pico-sdk/src/rp2_common/pico_malloc/pico_malloc.c.obj (calloc)
/usr/lib/gcc/arm-none-eabi/9.2.1/../../../arm-none-eabi/lib/thumb/v6-m/nofp/libc.a(lib_a-callocr.o)
                              /usr/lib/gcc/arm-none-eabi/9.2.1/../../../arm-none-eabi/lib/thumb/v6-m/nofp/libc.a(lib_a-calloc.o) (_calloc_r)
/usr/lib/gcc/arm-none-eabi/9.2.1/../../../arm-none-eabi/lib/thumb/v6-m/nofp/libc.a(lib_a-fini.o)
                              /usr/lib/gcc/arm-none-eabi/9.2.1/../../../arm-none-eabi/lib/thumb/v6-m/nofp/crt0.o (__libc_fini_array)
/usr/lib/gcc/arm-none-eabi/9.2.1/../../../arm-none-eabi/lib/thumb/v6-m/nofp/libc.a(lib_a-impure.o)
                              /usr/lib/gcc/arm-none-eabi/9.2.1/../../../arm-none-eabi/lib/thumb/v6-m/nofp/libc.a(lib_a-calloc.o) (_impure_ptr)
/usr/lib/gcc/arm-none-eabi/9.2.1/../../../arm-none-eabi/lib/thumb/v6-m/nofp/libc.a(lib_a-init.o)
                              /usr/lib/gcc/arm-none-eabi/9.2.1/../../../arm-none-eabi/lib/thumb/v6-m/nofp/crt0.o (__libc_init_array)
/usr/lib/gcc/arm-none-eabi/9.2.1/../../../arm-none-eabi/lib/thumb/v6-m/nofp/libc.a(lib_a-malloc.o)
                              CMakeFiles/closed-loop-stepper-motor-control.dir/home/iamamistake/pi/pico/pico-sdk/src/rp2_common/pico_malloc/pico_malloc.c.obj (malloc)
/usr/lib/gcc/arm-none-eabi/9.2.1/../../../arm-none-eabi/lib/thumb/v6-m/nofp/libc.a(lib_a-mallocr.o)
                              /usr/lib/gcc/arm-none-eabi/9.2.1/../../../arm-none-eabi/lib/thumb/v6-m/nofp/libc.a(lib_a-callocr.o) (_malloc_r)
/usr/lib/gcc/arm-none-eabi/9.2.1/../../../arm-none-eabi/lib/thumb/v6-m/nofp/libc.a(lib_a-mlock.o)
                              /usr/lib/gcc/arm-none-eabi/9.2.1/../../../arm-none-eabi/lib/thumb/v6-m/nofp/libc.a(lib_a-mallocr.o) (__malloc_lock)
/usr/lib/gcc/arm-none-eabi/9.2.1/../../../arm-none-eabi/lib/thumb/v6-m/nofp/libc.a(lib_a-realloc.o)
                              CMakeFiles/closed-loop-stepper-motor-control.dir/home/iamamistake/pi/pico/pico-sdk/src/rp2_common/pico_malloc/pico_malloc.c.obj (realloc)
/usr/lib/gcc/arm-none-eabi/9.2.1/../../../arm-none-eabi/lib/thumb/v6-m/nofp/libc.a(lib_a-reallocr.o)
                              /usr/lib/gcc/arm-none-eabi/9.2.1/../../../arm-none-eabi/lib/thumb/v6-m/nofp/libc.a(lib_a-realloc.o) (_realloc_r)
/usr/lib/gcc/arm-none-eabi/9.2.1/../../../arm-none-eabi/lib/thumb/v6-m/nofp/libc.a(lib_a-sbrkr.o)
                              /usr/lib/gcc/arm-none-eabi/9.2.1/../../../arm-none-eabi/lib/thumb/v6-m/nofp/libc.a(lib_a-mallocr.o) (_sbrk_r)
/usr/lib/gcc/arm-none-eabi/9.2.1/../../../arm-none-eabi/lib/thumb/v6-m/nofp/libc.a(lib_a-strlen-stub.o)
                              CMakeFiles/closed-loop-stepper-motor-control.dir/home/iamamistake/pi/pico/pico-sdk/src/rp2_common/pico_stdio/stdio.c.obj (strlen)
/usr/lib/gcc/arm-none-eabi/9.2.1/../../../arm-none-eabi/lib/thumb/v6-m/nofp/libc.a(lib_a-__atexit.o)
                              /usr/lib/gcc/arm-none-eabi/9.2.1/../../../arm-none-eabi/lib/thumb/v6-m/nofp/libc.a(lib_a-atexit.o) (__register_exitproc)
/usr/lib/gcc/arm-none-eabi/9.2.1/../../../arm-none-eabi/lib/thumb/v6-m/nofp/libc.a(lib_a-freer.o)
                              /usr/lib/gcc/arm-none-eabi/9.2.1/../../../arm-none-eabi/lib/thumb/v6-m/nofp/libc.a(lib_a-malloc.o) (_free_r)
/usr/lib/gcc/arm-none-eabi/9.2.1/../../../arm-none-eabi/lib/thumb/v6-m/nofp/libc.a(lib_a-memmove.o)
                              /usr/lib/gcc/arm-none-eabi/9.2.1/../../../arm-none-eabi/lib/thumb/v6-m/nofp/libc.a(lib_a-reallocr.o) (memmove)
/usr/lib/gcc/arm-none-eabi/9.2.1/../../../arm-none-eabi/lib/thumb/v6-m/nofp/libc.a(lib_a-reent.o)
                              /usr/lib/gcc/arm-none-eabi/9.2.1/../../../arm-none-eabi/lib/thumb/v6-m/nofp/libc.a(lib_a-sbrkr.o) (errno)

Allocating common symbols
Common symbol       size              file

sf_table            0x100             CMakeFiles/closed-loop-stepper-motor-control.dir/home/iamamistake/pi/pico/pico-sdk/src/rp2_common/pico_float/float_init_rom.c.obj
errno               0x4               /usr/lib/gcc/arm-none-eabi/9.2.1/../../../arm-none-eabi/lib/thumb/v6-m/nofp/libc.a(lib_a-reent.o)
_usbd_qdef_buf      0xc0              CMakeFiles/closed-loop-stepper-motor-control.dir/home/iamamistake/pi/pico/pico-sdk/lib/tinyusb/src/device/usbd.c.obj
[...]
Memory Configuration

Name             Origin             Length             Attributes
FLASH            0x0000000010000000 0x0000000000200000 xr
RAM              0x0000000020000000 0x0000000000040000 xrw
SCRATCH_X        0x0000000020040000 0x0000000000001000 xrw
SCRATCH_Y        0x0000000020041000 0x0000000000001000 xrw
*default*        0x0000000000000000 0xffffffffffffffff

Linker script and memory map

LOAD /usr/lib/gcc/arm-none-eabi/9.2.1/thumb/v6-m/nofp/crti.o
LOAD /usr/lib/gcc/arm-none-eabi/9.2.1/thumb/v6-m/nofp/crtbegin.o
LOAD /usr/lib/gcc/arm-none-eabi/9.2.1/../../../arm-none-eabi/lib/thumb/v6-m/nofp/crt0.o

.flash_begin    0x0000000010000000        0x0
                0x0000000010000000                __flash_binary_start = .

.boot2          0x0000000010000000      0x100
                0x0000000010000000                __boot2_start__ = .
 *(.boot2)
 .boot2         0x0000000010000000      0x100 /tmp/ccQGsCY4.o
                0x0000000010000100                __boot2_end__ = .
                0x0000000000000001                ASSERT (((__boot2_end__ - __boot2_start__) == 0x100), ERROR: Pico second stage bootloader must be 256 bytes in size)

.text           0x0000000010000100     0x6268
                0x0000000010000100                __logical_binary_start = .
 *(.vectors)
 .vectors       0x0000000010000100       0xd4 CMakeFiles/closed-loop-stepper-motor-control.dir/home/iamamistake/pi/pico/pico-sdk/src/rp2_common/pico_standard_link/crt0.S.obj
                0x0000000010000100                __vectors
                0x0000000010000100                __VECTOR_TABLE
                0x00000000100001c0                isr_invalid
                0x00000000100001c0                __default_isrs_start
                0x00000000100001c2                isr_nmi
                0x00000000100001c4                isr_hardfault
                0x00000000100001c6                isr_svcall
                0x00000000100001c8                isr_pendsv
                0x00000000100001ca                isr_systick
                0x00000000100001cc                isr_irq30
                0x00000000100001cc                __unhandled_user_irq
                0x00000000100001cc                isr_irq13
                0x00000000100001cc                isr_irq27
                0x00000000100001cc                isr_irq31
                0x00000000100001cc                isr_irq5
                0x00000000100001cc                isr_irq11
                0x00000000100001cc                isr_irq23
                0x00000000100001cc                isr_irq18
                0x00000000100001cc                isr_irq28
                0x00000000100001cc                isr_irq19
                0x00000000100001cc                isr_irq0
                0x00000000100001cc                isr_irq6
                0x00000000100001cc                isr_irq22
                0x00000000100001cc                isr_irq17
                0x00000000100001cc                isr_irq14
                0x00000000100001cc                isr_irq2
                0x00000000100001cc                isr_irq10
                0x00000000100001cc                isr_irq8
                0x00000000100001cc                isr_irq24
                0x00000000100001cc                isr_irq1
                0x00000000100001cc                isr_irq7
                0x00000000100001cc                isr_irq21
                0x00000000100001cc                isr_irq20
                0x00000000100001cc                isr_irq15
                0x00000000100001cc                isr_irq25
                0x00000000100001cc                isr_irq4
                0x00000000100001cc                isr_irq16
                0x00000000100001cc                isr_irq29
                0x00000000100001cc                isr_irq26
                0x00000000100001cc                __default_isrs_end
                0x00000000100001cc                isr_irq3
                0x00000000100001cc                isr_irq12
                0x00000000100001cc                isr_irq9
                0x00000000100001d2                unhandled_user_irq_num_in_r0
 *(.binary_info_header)
 .binary_info_header
                0x00000000100001d4       0x14 CMakeFiles/closed-loop-stepper-motor-control.dir/home/iamamistake/pi/pico/pico-sdk/src/rp2_common/pico_standard_link/crt0.S.obj
                0x00000000100001e8                __binary_info_header_end = .
 *(.reset)
 .reset         0x00000000100001e8       0xa0 CMakeFiles/closed-loop-stepper-motor-control.dir/home/iamamistake/pi/pico/pico-sdk/src/rp2_common/pico_standard_link/crt0.S.obj
                0x00000000100001e8                _entry_point
 .reset         0x0000000010000288       0x30 CMakeFiles/closed-loop-stepper-motor-control.dir/home/iamamistake/pi/pico/pico-sdk/src/rp2_common/pico_standard_link/binary_info.c.obj
 *(.init)
 .init          0x00000000100002b8        0x4 /usr/lib/gcc/arm-none-eabi/9.2.1/thumb/v6-m/nofp/crti.o
                0x00000000100002b8                _init
 *(EXCLUDE_FILE(*libm.a: *libc.a:*lib_a-mem*.o *libgcc.a:) .text*)
 .text          0x00000000100002bc       0x98 /usr/lib/gcc/arm-none-eabi/9.2.1/thumb/v6-m/nofp/crtbegin.o
 .text.startup.main
                0x0000000010000354       0x20 CMakeFiles/closed-loop-stepper-motor-control.dir/main.c.obj
                0x0000000010000354                main
 .text.system_config_clock_init
                0x0000000010000374       0x3c CMakeFiles/closed-loop-stepper-motor-control.dir/common/system_config.c.obj
                0x0000000010000374                system_config_clock_init
 .text.system_utils_enable_interrupts
                0x00000000100003b0       0x10 CMakeFiles/closed-loop-stepper-motor-control.dir/common/system_utils.c.obj
                0x00000000100003b0                system_utils_enable_interrupts
 .text.system_utils_disable_interrupts
                0x00000000100003c0       0x10 CMakeFiles/closed-loop-stepper-motor-control.dir/common/system_utils.c.obj
                0x00000000100003c0                system_utils_disable_interrupts
 .text.stepper_motor_drv_init
                0x00000000100003d0      0x134 CMakeFiles/closed-loop-stepper-motor-control.dir/drivers/stepper_motor/stepper_motor_drv.c.obj
                0x00000000100003d0                stepper_motor_drv_init
 .text.stepper_motor_drv_drive_anticlockwise
                0x0000000010000504       0x20 CMakeFiles/closed-loop-stepper-motor-control.dir/drivers/stepper_motor/stepper_motor_drv.c.obj
                0x0000000010000504                stepper_motor_drv_drive_anticlockwise
 .text.stepper_motor_drv_drive_clockwise
                0x0000000010000524       0x20 CMakeFiles/closed-loop-stepper-motor-control.dir/drivers/stepper_motor/stepper_motor_drv.c.obj
                0x0000000010000524                stepper_motor_drv_drive_clockwise
 .text.stepper_motor_drv_drive_stop
                0x0000000010000544       0x18 CMakeFiles/closed-loop-stepper-motor-control.dir/drivers/stepper_motor/stepper_motor_drv.c.obj
                0x0000000010000544                stepper_motor_drv_drive_stop
 .text.encoder_drv_step_home_pin_transitions_callback
                0x000000001000055c      0x184 CMakeFiles/closed-loop-stepper-motor-control.dir/drivers/encoder/encoder_drv.c.obj
 .text.encoder_drv_init
                0x00000000100006e0       0x80 CMakeFiles/closed-loop-stepper-motor-control.dir/drivers/encoder/encoder_drv.c.obj
                0x00000000100006e0                encoder_drv_init
 .text.encoder_drv_get_encoder_position
                0x0000000010000760       0x10 CMakeFiles/closed-loop-stepper-motor-control.dir/drivers/encoder/encoder_drv.c.obj
                0x0000000010000760                encoder_drv_get_encoder_position
 .text.ipc_received_data_packet_post_processing_handler
                0x0000000010000770       0x70 CMakeFiles/closed-loop-stepper-motor-control.dir/components/ipc/ipc.c.obj
 .text.ipc_receiver_buffer_data_available_callback
                0x00000000100007e0       0xb8 CMakeFiles/closed-loop-stepper-motor-control.dir/components/ipc/ipc.c.obj
 .text.ipc_init
                0x0000000010000898       0x2c CMakeFiles/closed-loop-stepper-motor-control.dir/components/ipc/ipc.c.obj
                0x0000000010000898                ipc_init
 .text.ipc_send_data_packet
                0x00000000100008c4       0x54 CMakeFiles/closed-loop-stepper-motor-control.dir/components/ipc/ipc.c.obj
                0x00000000100008c4                ipc_send_data_packet
 .text.scheduler_init
                0x0000000010000918       0x1c CMakeFiles/closed-loop-stepper-motor-control.dir/components/scheduler/scheduler.c.obj
                0x0000000010000918                scheduler_init
 .text.scheduler_event_put
                0x0000000010000934       0x8c CMakeFiles/closed-loop-stepper-motor-control.dir/components/scheduler/scheduler.c.obj
                0x0000000010000934                scheduler_event_put
 .text.scheduler_execute
                0x00000000100009c0       0x5c CMakeFiles/closed-loop-stepper-motor-control.dir/components/scheduler/scheduler.c.obj
                0x00000000100009c0                scheduler_execute
 .text.user_application_encoder_home_activity_handler
                0x0000000010000a1c       0x28 CMakeFiles/closed-loop-stepper-motor-control.dir/application/user_application.c.obj
 .text.user_application_encoder_step_activity_handler
                0x0000000010000a44       0x28 CMakeFiles/closed-loop-stepper-motor-control.dir/application/user_application.c.obj
 .text.user_application_process_received_data_packet_handler
                0x0000000010000a6c       0x44 CMakeFiles/closed-loop-stepper-motor-control.dir/application/user_application.c.obj
 .text.user_application_state_machine_event_handler
                0x0000000010000ab0       0xe4 CMakeFiles/closed-loop-stepper-motor-control.dir/application/user_application.c.obj
 .text.user_application_init
                0x0000000010000b94       0x64 CMakeFiles/closed-loop-stepper-motor-control.dir/application/user_application.c.obj
                0x0000000010000b94                user_application_init
 .text.user_application_run
                0x0000000010000bf8        0x8 CMakeFiles/closed-loop-stepper-motor-control.dir/application/user_application.c.obj
                0x0000000010000bf8                user_application_run
 .text.set_sys_clock_pll
                0x0000000010000c00       0x78 CMakeFiles/closed-loop-stepper-motor-control.dir/home/iamamistake/pi/pico/pico-sdk/src/rp2_common/pico_stdlib/stdlib.c.obj
                0x0000000010000c00                set_sys_clock_pll
 .text.check_sys_clock_khz
                0x0000000010000c78      0x170 CMakeFiles/closed-loop-stepper-motor-control.dir/home/iamamistake/pi/pico/pico-sdk/src/rp2_common/pico_stdlib/stdlib.c.obj
                0x0000000010000c78                check_sys_clock_khz
 .text.gpio_default_irq_handler
                0x0000000010000de8      0x248 CMakeFiles/closed-loop-stepper-motor-control.dir/home/iamamistake/pi/pico/pico-sdk/src/rp2_common/hardware_gpio/gpio.c.obj
 .text.gpio_set_function
                0x0000000010001030       0x30 CMakeFiles/closed-loop-stepper-motor-control.dir/home/iamamistake/pi/pico/pico-sdk/src/rp2_common/hardware_gpio/gpio.c.obj
                0x0000000010001030                gpio_set_function
 .text.gpio_set_irq_enabled_with_callback
                0x0000000010001060       0xb0 CMakeFiles/closed-loop-stepper-motor-control.dir/home/iamamistake/pi/pico/pico-sdk/src/rp2_common/hardware_gpio/gpio.c.obj
                0x0000000010001060                gpio_set_irq_enabled_with_callback
 .text.gpio_init
                0x0000000010001110       0x3c CMakeFiles/closed-loop-stepper-motor-control.dir/home/iamamistake/pi/pico/pico-sdk/src/rp2_common/hardware_gpio/gpio.c.obj
                0x0000000010001110                gpio_init
 .text.running_on_fpga
                0x000000001000114c       0x10 CMakeFiles/closed-loop-stepper-motor-control.dir/home/iamamistake/pi/pico/pico-sdk/src/rp2_common/pico_platform/platform.c.obj
                0x000000001000114c                running_on_fpga
 .text.hw_claim_or_assert
                0x000000001000115c       0x48 CMakeFiles/closed-loop-stepper-motor-control.dir/home/iamamistake/pi/pico/pico-sdk/src/rp2_common/hardware_claim/claim.c.obj
                0x000000001000115c                hw_claim_or_assert
 .text.hw_claim_unused_from_range
                0x00000000100011a4       0x9c CMakeFiles/closed-loop-stepper-motor-control.dir/home/iamamistake/pi/pico/pico-sdk/src/rp2_common/hardware_claim/claim.c.obj
                0x00000000100011a4                hw_claim_unused_from_range
 .text.spin_locks_reset
                0x0000000010001240       0x1c CMakeFiles/closed-loop-stepper-motor-control.dir/home/iamamistake/pi/pico/pico-sdk/src/rp2_common/hardware_sync/sync.c.obj
                0x0000000010001240                spin_locks_reset
 .text.next_striped_spin_lock_num
                0x000000001000125c       0x18 CMakeFiles/closed-loop-stepper-motor-control.dir/home/iamamistake/pi/pico/pico-sdk/src/rp2_common/hardware_sync/sync.c.obj
                0x000000001000125c                next_striped_spin_lock_num
 .text.spin_lock_claim_unused
                0x0000000010001274       0x20 CMakeFiles/closed-loop-stepper-motor-control.dir/home/iamamistake/pi/pico/pico-sdk/src/rp2_common/hardware_sync/sync.c.obj
                0x0000000010001274                spin_lock_claim_unused
 .text.irq_set_enabled
                0x0000000010001294       0x24 CMakeFiles/closed-loop-stepper-motor-control.dir/home/iamamistake/pi/pico/pico-sdk/src/rp2_common/hardware_irq/irq.c.obj
                0x0000000010001294                irq_set_enabled
 .text.irq_set_pending
                0x00000000100012b8       0x10 CMakeFiles/closed-loop-stepper-motor-control.dir/home/iamamistake/pi/pico/pico-sdk/src/rp2_common/hardware_irq/irq.c.obj
                0x00000000100012b8                irq_set_pending
 .text.irq_has_shared_handler
                0x00000000100012c8       0x2c CMakeFiles/closed-loop-stepper-motor-control.dir/home/iamamistake/pi/pico/pico-sdk/src/rp2_common/hardware_irq/irq.c.obj
                0x00000000100012c8                irq_has_shared_handler
 .text.irq_get_vtable_handler
                0x00000000100012f4       0x10 CMakeFiles/closed-loop-stepper-motor-control.dir/home/iamamistake/pi/pico/pico-sdk/src/rp2_common/hardware_irq/irq.c.obj
                0x00000000100012f4                irq_get_vtable_handler
 .text.irq_set_exclusive_handler
                0x0000000010001304       0x54 CMakeFiles/closed-loop-stepper-motor-control.dir/home/iamamistake/pi/pico/pico-sdk/src/rp2_common/hardware_irq/irq.c.obj
                0x0000000010001304                irq_set_exclusive_handler
 .text.irq_add_shared_handler
                0x0000000010001358      0x1c4 CMakeFiles/closed-loop-stepper-motor-control.dir/home/iamamistake/pi/pico/pico-sdk/src/rp2_common/hardware_irq/irq.c.obj
                0x0000000010001358                irq_add_shared_handler
 .text.irq_remove_handler
                0x000000001000151c      0x1b4 CMakeFiles/closed-loop-stepper-motor-control.dir/home/iamamistake/pi/pico/pico-sdk/src/rp2_common/hardware_irq/irq.c.obj
                0x000000001000151c                irq_remove_handler
 .text.irq_add_tail_to_free_list
                0x00000000100016d0       0xb4 CMakeFiles/closed-loop-stepper-motor-control.dir/home/iamamistake/pi/pico/pico-sdk/src/rp2_common/hardware_irq/irq.c.obj
                0x00000000100016d0                irq_add_tail_to_free_list
 .text.irq_init_priorities
                0x0000000010001784       0x24 CMakeFiles/closed-loop-stepper-motor-control.dir/home/iamamistake/pi/pico/pico-sdk/src/rp2_common/hardware_irq/irq.c.obj
                0x0000000010001784                irq_init_priorities
 .text.user_irq_claim_unused
                0x00000000100017a8       0x28 CMakeFiles/closed-loop-stepper-motor-control.dir/home/iamamistake/pi/pico/pico-sdk/src/rp2_common/hardware_irq/irq.c.obj
                0x00000000100017a8                user_irq_claim_unused
 .text.lock_init
                0x00000000100017d0       0x10 CMakeFiles/closed-loop-stepper-motor-control.dir/home/iamamistake/pi/pico/pico-sdk/src/common/pico_sync/lock_core.c.obj
                0x00000000100017d0                lock_init
 .text.mutex_init
                0x00000000100017e0       0x1c CMakeFiles/closed-loop-stepper-motor-control.dir/home/iamamistake/pi/pico/pico-sdk/src/common/pico_sync/mutex.c.obj
                0x00000000100017e0                mutex_init
 .text.recursive_mutex_init
                0x00000000100017fc       0x1c CMakeFiles/closed-loop-stepper-motor-control.dir/home/iamamistake/pi/pico/pico-sdk/src/common/pico_sync/mutex.c.obj
                0x00000000100017fc                recursive_mutex_init
 .text.critical_section_init
                0x0000000010001818       0x1c CMakeFiles/closed-loop-stepper-motor-control.dir/home/iamamistake/pi/pico/pico-sdk/src/common/pico_sync/critical_section.c.obj
                0x0000000010001818                critical_section_init
 .text.critical_section_init_with_lock_num
                0x0000000010001834       0x14 CMakeFiles/closed-loop-stepper-motor-control.dir/home/iamamistake/pi/pico/pico-sdk/src/common/pico_sync/critical_section.c.obj
                0x0000000010001834                critical_section_init_with_lock_num
 .text.timer_pool_entry_comparator
                0x0000000010001848       0x34 CMakeFiles/closed-loop-stepper-motor-control.dir/home/iamamistake/pi/pico/pico-sdk/src/common/pico_time/time.c.obj
                0x0000000010001848                timer_pool_entry_comparator
 .text.sleep_until_callback
                0x000000001000187c       0x30 CMakeFiles/closed-loop-stepper-motor-control.dir/home/iamamistake/pi/pico/pico-sdk/src/common/pico_time/time.c.obj
 .text.add_alarm_under_lock
                0x00000000100018ac      0x108 CMakeFiles/closed-loop-stepper-motor-control.dir/home/iamamistake/pi/pico/pico-sdk/src/common/pico_time/time.c.obj
 .text.alarm_pool_alarm_callback
                0x00000000100019b4      0x1bc CMakeFiles/closed-loop-stepper-motor-control.dir/home/iamamistake/pi/pico/pico-sdk/src/common/pico_time/time.c.obj
 .text.alarm_pool_init_default
                0x0000000010001b70       0x6c CMakeFiles/closed-loop-stepper-motor-control.dir/home/iamamistake/pi/pico/pico-sdk/src/common/pico_time/time.c.obj
                0x0000000010001b70                alarm_pool_init_default
 .text.alarm_pool_get_default
                0x0000000010001bdc        0x8 CMakeFiles/closed-loop-stepper-motor-control.dir/home/iamamistake/pi/pico/pico-sdk/src/common/pico_time/time.c.obj
                0x0000000010001bdc                alarm_pool_get_default
 .text.alarm_pool_add_alarm_at
                0x0000000010001be4      0x18c CMakeFiles/closed-loop-stepper-motor-control.dir/home/iamamistake/pi/pico/pico-sdk/src/common/pico_time/time.c.obj
                0x0000000010001be4                alarm_pool_add_alarm_at
 .text.alarm_pool_core_num
                0x0000000010001d70        0x4 CMakeFiles/closed-loop-stepper-motor-control.dir/home/iamamistake/pi/pico/pico-sdk/src/common/pico_time/time.c.obj
                0x0000000010001d70                alarm_pool_core_num
 .text.best_effort_wfe_or_timeout
                0x0000000010001d74       0xd4 CMakeFiles/closed-loop-stepper-motor-control.dir/home/iamamistake/pi/pico/pico-sdk/src/common/pico_time/time.c.obj
                0x0000000010001d74                best_effort_wfe_or_timeout
 .text.hardware_alarm_irq_handler
                0x0000000010001e48       0xbc CMakeFiles/closed-loop-stepper-motor-control.dir/home/iamamistake/pi/pico/pico-sdk/src/rp2_common/hardware_timer/timer.c.obj
 .text.hardware_alarm_claim
                0x0000000010001f04       0x18 CMakeFiles/closed-loop-stepper-motor-control.dir/home/iamamistake/pi/pico/pico-sdk/src/rp2_common/hardware_timer/timer.c.obj
                0x0000000010001f04                hardware_alarm_claim
 .text.time_us_64
                0x0000000010001f1c       0x14 CMakeFiles/closed-loop-stepper-motor-control.dir/home/iamamistake/pi/pico/pico-sdk/src/rp2_common/hardware_timer/timer.c.obj
                0x0000000010001f1c                time_us_64
 .text.busy_wait_us
                0x0000000010001f30       0x54 CMakeFiles/closed-loop-stepper-motor-control.dir/home/iamamistake/pi/pico/pico-sdk/src/rp2_common/hardware_timer/timer.c.obj
                0x0000000010001f30                busy_wait_us
 .text.hardware_alarm_set_callback
                0x0000000010001f84       0x8c CMakeFiles/closed-loop-stepper-motor-control.dir/home/iamamistake/pi/pico/pico-sdk/src/rp2_common/hardware_timer/timer.c.obj
                0x0000000010001f84                hardware_alarm_set_callback
 .text.hardware_alarm_set_target
                0x0000000010002010       0xd4 CMakeFiles/closed-loop-stepper-motor-control.dir/home/iamamistake/pi/pico/pico-sdk/src/rp2_common/hardware_timer/timer.c.obj
                0x0000000010002010                hardware_alarm_set_target
 .text.hardware_alarm_cancel
                0x00000000100020e4       0x40 CMakeFiles/closed-loop-stepper-motor-control.dir/home/iamamistake/pi/pico/pico-sdk/src/rp2_common/hardware_timer/timer.c.obj
                0x00000000100020e4                hardware_alarm_cancel
 .text.ph_merge_nodes
                0x0000000010002124       0x68 CMakeFiles/closed-loop-stepper-motor-control.dir/home/iamamistake/pi/pico/pico-sdk/src/common/pico_util/pheap.c.obj
 .text.ph_post_alloc_init
                0x000000001000218c       0x3c CMakeFiles/closed-loop-stepper-motor-control.dir/home/iamamistake/pi/pico/pico-sdk/src/common/pico_util/pheap.c.obj
                0x000000001000218c                ph_post_alloc_init
 .text.ph_merge_two_pass
                0x00000000100021c8       0x90 CMakeFiles/closed-loop-stepper-motor-control.dir/home/iamamistake/pi/pico/pico-sdk/src/common/pico_util/pheap.c.obj
                0x00000000100021c8                ph_merge_two_pass
 .text.ph_remove_any_head
                0x0000000010002258      0x100 CMakeFiles/closed-loop-stepper-motor-control.dir/home/iamamistake/pi/pico/pico-sdk/src/common/pico_util/pheap.c.obj
 .text.ph_remove_head
                0x0000000010002358      0x144 CMakeFiles/closed-loop-stepper-motor-control.dir/home/iamamistake/pi/pico/pico-sdk/src/common/pico_util/pheap.c.obj
                0x0000000010002358                ph_remove_head
 .text.ph_remove_and_free_node
                0x000000001000249c       0x7c CMakeFiles/closed-loop-stepper-motor-control.dir/home/iamamistake/pi/pico/pico-sdk/src/common/pico_util/pheap.c.obj
                0x000000001000249c                ph_remove_and_free_node
 .text.clock_configure
                0x0000000010002518      0x118 CMakeFiles/closed-loop-stepper-motor-control.dir/home/iamamistake/pi/pico/pico-sdk/src/rp2_common/hardware_clocks/clocks.c.obj
                0x0000000010002518                clock_configure
 .text.clocks_init
                0x0000000010002630      0x2d0 CMakeFiles/closed-loop-stepper-motor-control.dir/home/iamamistake/pi/pico/pico-sdk/src/rp2_common/hardware_clocks/clocks.c.obj
                0x0000000010002630                clocks_init
 .text.pll_init
                0x0000000010002900       0xa0 CMakeFiles/closed-loop-stepper-motor-control.dir/home/iamamistake/pi/pico/pico-sdk/src/rp2_common/hardware_pll/pll.c.obj
                0x0000000010002900                pll_init
 .text.watchdog_start_tick
                0x00000000100029a0       0x10 CMakeFiles/closed-loop-stepper-motor-control.dir/home/iamamistake/pi/pico/pico-sdk/src/rp2_common/hardware_watchdog/watchdog.c.obj
                0x00000000100029a0                watchdog_start_tick
 .text.watchdog_update
                0x00000000100029b0       0x14 CMakeFiles/closed-loop-stepper-motor-control.dir/home/iamamistake/pi/pico/pico-sdk/src/rp2_common/hardware_watchdog/watchdog.c.obj
                0x00000000100029b0                watchdog_update
 .text.watchdog_enable
                0x00000000100029c4       0x84 CMakeFiles/closed-loop-stepper-motor-control.dir/home/iamamistake/pi/pico/pico-sdk/src/rp2_common/hardware_watchdog/watchdog.c.obj
                0x00000000100029c4                watchdog_enable
 .text.watchdog_reboot
                0x0000000010002a48       0x98 CMakeFiles/closed-loop-stepper-motor-control.dir/home/iamamistake/pi/pico/pico-sdk/src/rp2_common/hardware_watchdog/watchdog.c.obj
                0x0000000010002a48                watchdog_reboot
 .text.xosc_init
                0x0000000010002ae0       0x28 CMakeFiles/closed-loop-stepper-motor-control.dir/home/iamamistake/pi/pico/pico-sdk/src/rp2_common/hardware_xosc/xosc.c.obj
                0x0000000010002ae0                xosc_init
 .text.runtime_init
                0x0000000010002b08       0xf0 CMakeFiles/closed-loop-stepper-motor-control.dir/home/iamamistake/pi/pico/pico-sdk/src/rp2_common/pico_runtime/runtime.c.obj
                0x0000000010002b08                runtime_init
 .text._exit    0x0000000010002bf8        0x4 CMakeFiles/closed-loop-stepper-motor-control.dir/home/iamamistake/pi/pico/pico-sdk/src/rp2_common/pico_runtime/runtime.c.obj
                0x0000000010002bf8                _exit
 .text.exit     0x0000000010002bfc        0x8 CMakeFiles/closed-loop-stepper-motor-control.dir/home/iamamistake/pi/pico/pico-sdk/src/rp2_common/pico_runtime/runtime.c.obj
                0x0000000010002bfc                exit
 .text.panic    0x0000000010002c04       0x30 CMakeFiles/closed-loop-stepper-motor-control.dir/home/iamamistake/pi/pico/pico-sdk/src/rp2_common/pico_runtime/runtime.c.obj
                0x0000000010002c04                panic
 .text.hard_assertion_failure
                0x0000000010002c34        0xc CMakeFiles/closed-loop-stepper-motor-control.dir/home/iamamistake/pi/pico/pico-sdk/src/rp2_common/pico_runtime/runtime.c.obj
                0x0000000010002c34                hard_assertion_failure
 .text._out_char
                0x0000000010002c40       0x10 CMakeFiles/closed-loop-stepper-motor-control.dir/home/iamamistake/pi/pico/pico-sdk/src/rp2_common/pico_printf/printf.c.obj
 .text.weak_raw_vprintf
                0x0000000010002c50       0x30 CMakeFiles/closed-loop-stepper-motor-control.dir/home/iamamistake/pi/pico/pico-sdk/src/rp2_common/pico_printf/printf.c.obj
                0x0000000010002c50                weak_raw_vprintf
 .text          0x0000000010002c80       0x10 CMakeFiles/closed-loop-stepper-motor-control.dir/home/iamamistake/pi/pico/pico-sdk/src/rp2_common/pico_bit_ops/bit_ops_aeabi.S.obj
 .text.rom_func_lookup
                0x0000000010002c90       0x10 CMakeFiles/closed-loop-stepper-motor-control.dir/home/iamamistake/pi/pico/pico-sdk/src/rp2_common/pico_bootrom/bootrom.c.obj
                0x0000000010002c90                rom_func_lookup
 .text.rom_data_lookup
                0x0000000010002ca0       0x10 CMakeFiles/closed-loop-stepper-motor-control.dir/home/iamamistake/pi/pico/pico-sdk/src/rp2_common/pico_bootrom/bootrom.c.obj
                0x0000000010002ca0                rom_data_lookup
 .text.rom_funcs_lookup
                0x0000000010002cb0       0x3c CMakeFiles/closed-loop-stepper-motor-control.dir/home/iamamistake/pi/pico/pico-sdk/src/rp2_common/pico_bootrom/bootrom.c.obj
                0x0000000010002cb0                rom_funcs_lookup
 .text.__wrap___aeabi_uidiv
                0x0000000010002cec       0x4c CMakeFiles/closed-loop-stepper-motor-control.dir/home/iamamistake/pi/pico/pico-sdk/src/rp2_common/pico_divider/divider.S.obj
                0x0000000010002cec                __wrap___aeabi_uidiv
                0x0000000010002cec                __wrap___aeabi_uidivmod
                0x0000000010002cec                div_u32u32
                0x0000000010002cec                divmod_u32u32
                0x0000000010002cf4                divmod_u32u32_unsafe
                0x0000000010002d1c                divmod_u32u32_savestate
 .text.__wrap___aeabi_ldiv
                0x0000000010002d38      0x424 CMakeFiles/closed-loop-stepper-motor-control.dir/home/iamamistake/pi/pico/pico-sdk/src/rp2_common/pico_divider/divider.S.obj
                0x0000000010002d38                div_s64s64
                0x0000000010002d38                divmod_s64s64
                0x0000000010002d38                __wrap___aeabi_ldivmod
                0x0000000010002d68                div_u64u64
                0x0000000010002d68                divmod_u64u64
                0x0000000010002d68                __wrap___aeabi_uldivmod
                0x0000000010002d78                divmod_u64u64_savestate
                0x0000000010002d98                divmod_s64s64_unsafe
                0x0000000010002e20                divmod_u64u64_unsafe
 .text.__aeabi_double_init
                0x000000001000315c       0xc0 CMakeFiles/closed-loop-stepper-motor-control.dir/home/iamamistake/pi/pico/pico-sdk/src/rp2_common/pico_double/double_init_rom.c.obj
                0x000000001000315c                __aeabi_double_init
 .text.double_table_shim_on_use_helper
                0x000000001000321c       0x2c CMakeFiles/closed-loop-stepper-motor-control.dir/home/iamamistake/pi/pico/pico-sdk/src/rp2_common/pico_double/double_v1_rom_shim.S.obj
                0x000000001000321c                double_table_shim_on_use_helper
 .text.__aeabi_lmul
                0x0000000010003248       0x32 CMakeFiles/closed-loop-stepper-motor-control.dir/home/iamamistake/pi/pico/pico-sdk/src/rp2_common/pico_int64_ops/pico_int64_ops_aeabi.S.obj
                0x0000000010003248                __wrap___aeabi_lmul
 *fill*         0x000000001000327a        0x2 
 .text.__aeabi_float_init
                0x000000001000327c       0x64 CMakeFiles/closed-loop-stepper-motor-control.dir/home/iamamistake/pi/pico/pico-sdk/src/rp2_common/pico_float/float_init_rom.c.obj
                0x000000001000327c                __aeabi_float_init
 .text.float_table_shim_on_use_helper
                0x00000000100032e0       0x2c CMakeFiles/closed-loop-stepper-motor-control.dir/home/iamamistake/pi/pico/pico-sdk/src/rp2_common/pico_float/float_v1_rom_shim.S.obj
                0x00000000100032e0                float_table_shim_on_use_helper
 .text          0x000000001000330c       0x10 CMakeFiles/closed-loop-stepper-motor-control.dir/home/iamamistake/pi/pico/pico-sdk/src/rp2_common/pico_mem_ops/mem_ops_aeabi.S.obj
                0x000000001000330c                __aeabi_mem_init
 .text.memset   0x000000001000331c        0xc CMakeFiles/closed-loop-stepper-motor-control.dir/home/iamamistake/pi/pico/pico-sdk/src/rp2_common/pico_mem_ops/mem_ops_aeabi.S.obj
                0x000000001000331c                __wrap_memset
 .text.memcpy   0x0000000010003328        0xc CMakeFiles/closed-loop-stepper-motor-control.dir/home/iamamistake/pi/pico/pico-sdk/src/rp2_common/pico_mem_ops/mem_ops_aeabi.S.obj
                0x0000000010003328                __wrap___aeabi_memcpy
                0x0000000010003328                __wrap_memcpy
 .text.stdio_out_chars_no_crlf
                0x0000000010003334       0x10 CMakeFiles/closed-loop-stepper-motor-control.dir/home/iamamistake/pi/pico/pico-sdk/src/rp2_common/pico_stdio/stdio.c.obj
 .text.stdio_out_chars_crlf
                0x0000000010003344       0x94 CMakeFiles/closed-loop-stepper-motor-control.dir/home/iamamistake/pi/pico/pico-sdk/src/rp2_common/pico_stdio/stdio.c.obj
 .text.stdio_put_string
                0x00000000100033d8      0x104 CMakeFiles/closed-loop-stepper-motor-control.dir/home/iamamistake/pi/pico/pico-sdk/src/rp2_common/pico_stdio/stdio.c.obj
 .text.__wrap_putchar
                0x00000000100034dc       0x98 CMakeFiles/closed-loop-stepper-motor-control.dir/home/iamamistake/pi/pico/pico-sdk/src/rp2_common/pico_stdio/stdio.c.obj
                0x00000000100034dc                __wrap_putchar
 .text.__wrap_puts
                0x0000000010003574       0x3c CMakeFiles/closed-loop-stepper-motor-control.dir/home/iamamistake/pi/pico/pico-sdk/src/rp2_common/pico_stdio/stdio.c.obj
                0x0000000010003574                __wrap_puts
 .text.putchar_raw
                0x00000000100035b0       0x98 CMakeFiles/closed-loop-stepper-motor-control.dir/home/iamamistake/pi/pico/pico-sdk/src/rp2_common/pico_stdio/stdio.c.obj
                0x00000000100035b0                putchar_raw
 .text.stdio_set_driver_enabled
                0x0000000010003648       0x30 CMakeFiles/closed-loop-stepper-motor-control.dir/home/iamamistake/pi/pico/pico-sdk/src/rp2_common/pico_stdio/stdio.c.obj
                0x0000000010003648                stdio_set_driver_enabled
 .text.stdio_init_all
                0x0000000010003678        0x8 CMakeFiles/closed-loop-stepper-motor-control.dir/home/iamamistake/pi/pico/pico-sdk/src/rp2_common/pico_stdio/stdio.c.obj
                0x0000000010003678                stdio_init_all
 .text.getchar_timeout_us
                0x0000000010003680       0x9c CMakeFiles/closed-loop-stepper-motor-control.dir/home/iamamistake/pi/pico/pico-sdk/src/rp2_common/pico_stdio/stdio.c.obj
                0x0000000010003680                getchar_timeout_us
 .text.stdio_set_chars_available_callback
                0x000000001000371c       0x30 CMakeFiles/closed-loop-stepper-motor-control.dir/home/iamamistake/pi/pico/pico-sdk/src/rp2_common/pico_stdio/stdio.c.obj
                0x000000001000371c                stdio_set_chars_available_callback
 .text.resetd_init
                0x000000001000374c        0x4 CMakeFiles/closed-loop-stepper-motor-control.dir/home/iamamistake/pi/pico/pico-sdk/src/rp2_common/pico_stdio_usb/reset_interface.c.obj
 .text.resetd_reset
                0x0000000010003750        0xc CMakeFiles/closed-loop-stepper-motor-control.dir/home/iamamistake/pi/pico/pico-sdk/src/rp2_common/pico_stdio_usb/reset_interface.c.obj
 .text.resetd_open
                0x000000001000375c       0x28 CMakeFiles/closed-loop-stepper-motor-control.dir/home/iamamistake/pi/pico/pico-sdk/src/rp2_common/pico_stdio_usb/reset_interface.c.obj
 .text.resetd_xfer_cb
                0x0000000010003784        0x4 CMakeFiles/closed-loop-stepper-motor-control.dir/home/iamamistake/pi/pico/pico-sdk/src/rp2_common/pico_stdio_usb/reset_interface.c.obj
 .text.resetd_control_xfer_cb
                0x0000000010003788       0x64 CMakeFiles/closed-loop-stepper-motor-control.dir/home/iamamistake/pi/pico/pico-sdk/src/rp2_common/pico_stdio_usb/reset_interface.c.obj
 .text.usbd_app_driver_get_cb
                0x00000000100037ec        0xc CMakeFiles/closed-loop-stepper-motor-control.dir/home/iamamistake/pi/pico/pico-sdk/src/rp2_common/pico_stdio_usb/reset_interface.c.obj
                0x00000000100037ec                usbd_app_driver_get_cb
 .text.tud_cdc_line_coding_cb
                0x00000000100037f8       0x34 CMakeFiles/closed-loop-stepper-motor-control.dir/home/iamamistake/pi/pico/pico-sdk/src/rp2_common/pico_stdio_usb/reset_interface.c.obj
                0x00000000100037f8                tud_cdc_line_coding_cb
 .text.stdio_usb_set_chars_available_callback
                0x000000001000382c       0x14 CMakeFiles/closed-loop-stepper-motor-control.dir/home/iamamistake/pi/pico/pico-sdk/src/rp2_common/pico_stdio_usb/stdio_usb.c.obj
                0x000000001000382c                stdio_usb_set_chars_available_callback
 .text.usb_irq  0x0000000010003840       0x10 CMakeFiles/closed-loop-stepper-motor-control.dir/home/iamamistake/pi/pico/pico-sdk/src/rp2_common/pico_stdio_usb/stdio_usb.c.obj
 .text.timer_task
                0x0000000010003850       0x54 CMakeFiles/closed-loop-stepper-motor-control.dir/home/iamamistake/pi/pico/pico-sdk/src/rp2_common/pico_stdio_usb/stdio_usb.c.obj
 .text.stdio_usb_in_chars
                0x00000000100038a4       0x88 CMakeFiles/closed-loop-stepper-motor-control.dir/home/iamamistake/pi/pico/pico-sdk/src/rp2_common/pico_stdio_usb/stdio_usb.c.obj
                0x00000000100038a4                stdio_usb_in_chars
 .text.stdio_usb_out_chars
                0x000000001000392c       0xfc CMakeFiles/closed-loop-stepper-motor-control.dir/home/iamamistake/pi/pico/pico-sdk/src/rp2_common/pico_stdio_usb/stdio_usb.c.obj
 .text.low_priority_worker_irq
                0x0000000010003a28       0xc4 CMakeFiles/closed-loop-stepper-motor-control.dir/home/iamamistake/pi/pico/pico-sdk/src/rp2_common/pico_stdio_usb/stdio_usb.c.obj
 .text.stdio_usb_init
                0x0000000010003aec       0xdc CMakeFiles/closed-loop-stepper-motor-control.dir/home/iamamistake/pi/pico/pico-sdk/src/rp2_common/pico_stdio_usb/stdio_usb.c.obj
                0x0000000010003aec                stdio_usb_init
 .text.tud_descriptor_device_cb
                0x0000000010003bc8        0x8 CMakeFiles/closed-loop-stepper-motor-control.dir/home/iamamistake/pi/pico/pico-sdk/src/rp2_common/pico_stdio_usb/stdio_usb_descriptors.c.obj
                0x0000000010003bc8                tud_descriptor_device_cb
 .text.tud_descriptor_configuration_cb
                0x0000000010003bd0        0x8 CMakeFiles/closed-loop-stepper-motor-control.dir/home/iamamistake/pi/pico/pico-sdk/src/rp2_common/pico_stdio_usb/stdio_usb_descriptors.c.obj
                0x0000000010003bd0                tud_descriptor_configuration_cb
 .text.tud_descriptor_string_cb
                0x0000000010003bd8       0x70 CMakeFiles/closed-loop-stepper-motor-control.dir/home/iamamistake/pi/pico/pico-sdk/src/rp2_common/pico_stdio_usb/stdio_usb_descriptors.c.obj
                0x0000000010003bd8                tud_descriptor_string_cb
 .text.startup._retrieve_unique_id_on_boot
                0x0000000010003c48       0x10 CMakeFiles/closed-loop-stepper-motor-control.dir/home/iamamistake/pi/pico/pico-sdk/src/rp2_common/pico_unique_id/unique_id.c.obj
 .text.pico_get_unique_board_id_string
                0x0000000010003c58      0x1bc CMakeFiles/closed-loop-stepper-motor-control.dir/home/iamamistake/pi/pico/pico-sdk/src/rp2_common/pico_unique_id/unique_id.c.obj
                0x0000000010003c58                pico_get_unique_board_id_string
 .text.flash_get_unique_id
                0x0000000010003e14       0x40 CMakeFiles/closed-loop-stepper-motor-control.dir/home/iamamistake/pi/pico/pico-sdk/src/rp2_common/hardware_flash/flash.c.obj
                0x0000000010003e14                flash_get_unique_id
 .text.dcd_rp2040_irq
                0x0000000010003e54      0x21c CMakeFiles/closed-loop-stepper-motor-control.dir/home/iamamistake/pi/pico/pico-sdk/lib/tinyusb/src/portable/raspberrypi/rp2040/dcd_rp2040.c.obj
 .text.dcd_int_enable
                0x0000000010004070        0xc CMakeFiles/closed-loop-stepper-motor-control.dir/home/iamamistake/pi/pico/pico-sdk/lib/tinyusb/src/portable/raspberrypi/rp2040/dcd_rp2040.c.obj
                0x0000000010004070                dcd_int_enable
 .text.dcd_set_address
                0x000000001000407c       0x14 CMakeFiles/closed-loop-stepper-motor-control.dir/home/iamamistake/pi/pico/pico-sdk/lib/tinyusb/src/portable/raspberrypi/rp2040/dcd_rp2040.c.obj
                0x000000001000407c                dcd_set_address
 .text.dcd_connect
                0x0000000010004090       0x10 CMakeFiles/closed-loop-stepper-motor-control.dir/home/iamamistake/pi/pico/pico-sdk/lib/tinyusb/src/portable/raspberrypi/rp2040/dcd_rp2040.c.obj
                0x0000000010004090                dcd_connect
 .text.dcd_init
                0x00000000100040a0      0x148 CMakeFiles/closed-loop-stepper-motor-control.dir/home/iamamistake/pi/pico/pico-sdk/lib/tinyusb/src/portable/raspberrypi/rp2040/dcd_rp2040.c.obj
                0x00000000100040a0                dcd_init
 .text.dcd_edpt0_status_complete
                0x00000000100041e8       0x1c CMakeFiles/closed-loop-stepper-motor-control.dir/home/iamamistake/pi/pico/pico-sdk/lib/tinyusb/src/portable/raspberrypi/rp2040/dcd_rp2040.c.obj
                0x00000000100041e8                dcd_edpt0_status_complete
 .text.dcd_edpt_open
                0x0000000010004204       0xf0 CMakeFiles/closed-loop-stepper-motor-control.dir/home/iamamistake/pi/pico/pico-sdk/lib/tinyusb/src/portable/raspberrypi/rp2040/dcd_rp2040.c.obj
                0x0000000010004204                dcd_edpt_open
 .text.dcd_edpt_close_all
                0x00000000100042f4       0xbc CMakeFiles/closed-loop-stepper-motor-control.dir/home/iamamistake/pi/pico/pico-sdk/lib/tinyusb/src/portable/raspberrypi/rp2040/dcd_rp2040.c.obj
                0x00000000100042f4                dcd_edpt_close_all
 .text.dcd_edpt_xfer
                0x00000000100043b0       0x24 CMakeFiles/closed-loop-stepper-motor-control.dir/home/iamamistake/pi/pico/pico-sdk/lib/tinyusb/src/portable/raspberrypi/rp2040/dcd_rp2040.c.obj
                0x00000000100043b0                dcd_edpt_xfer
 .text.dcd_edpt_stall
                0x00000000100043d4       0x38 CMakeFiles/closed-loop-stepper-motor-control.dir/home/iamamistake/pi/pico/pico-sdk/lib/tinyusb/src/portable/raspberrypi/rp2040/dcd_rp2040.c.obj
                0x00000000100043d4                dcd_edpt_stall
 .text.dcd_edpt_clear_stall
                0x000000001000440c       0x30 CMakeFiles/closed-loop-stepper-motor-control.dir/home/iamamistake/pi/pico/pico-sdk/lib/tinyusb/src/portable/raspberrypi/rp2040/dcd_rp2040.c.obj
                0x000000001000440c                dcd_edpt_clear_stall
 .text._hw_endpoint_buffer_control_update32.part.0
                0x000000001000443c       0x20 CMakeFiles/closed-loop-stepper-motor-control.dir/home/iamamistake/pi/pico/pico-sdk/lib/tinyusb/src/portable/raspberrypi/rp2040/rp2040_usb.c.obj
 .text.rp2040_usb_init
                0x000000001000445c       0x4c CMakeFiles/closed-loop-stepper-motor-control.dir/home/iamamistake/pi/pico/pico-sdk/lib/tinyusb/src/portable/raspberrypi/rp2040/rp2040_usb.c.obj
                0x000000001000445c                rp2040_usb_init
 .text.hw_endpoint_reset_transfer
                0x00000000100044a8        0xc CMakeFiles/closed-loop-stepper-motor-control.dir/home/iamamistake/pi/pico/pico-sdk/lib/tinyusb/src/portable/raspberrypi/rp2040/rp2040_usb.c.obj
                0x00000000100044a8                hw_endpoint_reset_transfer
 .text._hw_endpoint_buffer_control_update32
                0x00000000100044b4       0x40 CMakeFiles/closed-loop-stepper-motor-control.dir/home/iamamistake/pi/pico/pico-sdk/lib/tinyusb/src/portable/raspberrypi/rp2040/rp2040_usb.c.obj
                0x00000000100044b4                _hw_endpoint_buffer_control_update32
 .text.hw_endpoint_xfer_start
                0x00000000100044f4      0x138 CMakeFiles/closed-loop-stepper-motor-control.dir/home/iamamistake/pi/pico/pico-sdk/lib/tinyusb/src/portable/raspberrypi/rp2040/rp2040_usb.c.obj
                0x00000000100044f4                hw_endpoint_xfer_start
 .text.hw_endpoint_xfer_continue
                0x000000001000462c      0x1e4 CMakeFiles/closed-loop-stepper-motor-control.dir/home/iamamistake/pi/pico/pico-sdk/lib/tinyusb/src/portable/raspberrypi/rp2040/rp2040_usb.c.obj
                0x000000001000462c                hw_endpoint_xfer_continue
 .text.tud_mounted
                0x0000000010004810       0x10 CMakeFiles/closed-loop-stepper-motor-control.dir/home/iamamistake/pi/pico/pico-sdk/lib/tinyusb/src/device/usbd.c.obj
                0x0000000010004810                tud_mounted
 .text.tud_suspended
                0x0000000010004820       0x10 CMakeFiles/closed-loop-stepper-motor-control.dir/home/iamamistake/pi/pico/pico-sdk/lib/tinyusb/src/device/usbd.c.obj
                0x0000000010004820                tud_suspended
 .text.tud_inited
                0x0000000010004830        0xc CMakeFiles/closed-loop-stepper-motor-control.dir/home/iamamistake/pi/pico/pico-sdk/lib/tinyusb/src/device/usbd.c.obj
                0x0000000010004830                tud_inited
 .text.tud_init
                0x000000001000483c       0xd8 CMakeFiles/closed-loop-stepper-motor-control.dir/home/iamamistake/pi/pico/pico-sdk/lib/tinyusb/src/device/usbd.c.obj
                0x000000001000483c                tud_init
 .text.tud_task
                0x0000000010004914      0x8ec CMakeFiles/closed-loop-stepper-motor-control.dir/home/iamamistake/pi/pico/pico-sdk/lib/tinyusb/src/device/usbd.c.obj
                0x0000000010004914                tud_task
 .text.dcd_event_bus_signal
                0x0000000010005200      0x120 CMakeFiles/closed-loop-stepper-motor-control.dir/home/iamamistake/pi/pico/pico-sdk/lib/tinyusb/src/device/usbd.c.obj
                0x0000000010005200                dcd_event_bus_signal
 .text.dcd_event_bus_reset
                0x0000000010005320       0x54 CMakeFiles/closed-loop-stepper-motor-control.dir/home/iamamistake/pi/pico/pico-sdk/lib/tinyusb/src/device/usbd.c.obj
                0x0000000010005320                dcd_event_bus_reset
 .text.dcd_event_setup_received
                0x0000000010005374       0x50 CMakeFiles/closed-loop-stepper-motor-control.dir/home/iamamistake/pi/pico/pico-sdk/lib/tinyusb/src/device/usbd.c.obj
                0x0000000010005374                dcd_event_setup_received
 .text.dcd_event_xfer_complete
                0x00000000100053c4       0x68 CMakeFiles/closed-loop-stepper-motor-control.dir/home/iamamistake/pi/pico/pico-sdk/lib/tinyusb/src/device/usbd.c.obj
                0x00000000100053c4                dcd_event_xfer_complete
 .text.usbd_open_edpt_pair
                0x000000001000542c       0x80 CMakeFiles/closed-loop-stepper-motor-control.dir/home/iamamistake/pi/pico/pico-sdk/lib/tinyusb/src/device/usbd.c.obj
                0x000000001000542c                usbd_open_edpt_pair
 .text.usbd_edpt_open
                0x00000000100054ac       0x30 CMakeFiles/closed-loop-stepper-motor-control.dir/home/iamamistake/pi/pico/pico-sdk/lib/tinyusb/src/device/usbd.c.obj
                0x00000000100054ac                usbd_edpt_open
 .text.usbd_edpt_claim
                0x00000000100054dc       0x64 CMakeFiles/closed-loop-stepper-motor-control.dir/home/iamamistake/pi/pico/pico-sdk/lib/tinyusb/src/device/usbd.c.obj
                0x00000000100054dc                usbd_edpt_claim
 .text.usbd_edpt_release
                0x0000000010005540       0x4c CMakeFiles/closed-loop-stepper-motor-control.dir/home/iamamistake/pi/pico/pico-sdk/lib/tinyusb/src/device/usbd.c.obj
                0x0000000010005540                usbd_edpt_release
 .text.usbd_edpt_xfer
                0x000000001000558c       0x48 CMakeFiles/closed-loop-stepper-motor-control.dir/home/iamamistake/pi/pico/pico-sdk/lib/tinyusb/src/device/usbd.c.obj
                0x000000001000558c                usbd_edpt_xfer
 .text.tud_control_status
                0x00000000100055d4       0x30 CMakeFiles/closed-loop-stepper-motor-control.dir/home/iamamistake/pi/pico/pico-sdk/lib/tinyusb/src/device/usbd_control.c.obj
                0x00000000100055d4                tud_control_status
 .text.tud_control_xfer
                0x0000000010005604       0xb8 CMakeFiles/closed-loop-stepper-motor-control.dir/home/iamamistake/pi/pico/pico-sdk/lib/tinyusb/src/device/usbd_control.c.obj
                0x0000000010005604                tud_control_xfer
 .text.usbd_control_reset
                0x00000000100056bc       0x14 CMakeFiles/closed-loop-stepper-motor-control.dir/home/iamamistake/pi/pico/pico-sdk/lib/tinyusb/src/device/usbd_control.c.obj
                0x00000000100056bc                usbd_control_reset
 .text.usbd_control_set_complete_callback
                0x00000000100056d0        0xc CMakeFiles/closed-loop-stepper-motor-control.dir/home/iamamistake/pi/pico/pico-sdk/lib/tinyusb/src/device/usbd_control.c.obj
                0x00000000100056d0                usbd_control_set_complete_callback
 .text.usbd_control_set_request
                0x00000000100056dc       0x1c CMakeFiles/closed-loop-stepper-motor-control.dir/home/iamamistake/pi/pico/pico-sdk/lib/tinyusb/src/device/usbd_control.c.obj
                0x00000000100056dc                usbd_control_set_request
 .text.usbd_control_xfer_cb
                0x00000000100056f8       0xf8 CMakeFiles/closed-loop-stepper-motor-control.dir/home/iamamistake/pi/pico/pico-sdk/lib/tinyusb/src/device/usbd_control.c.obj
                0x00000000100056f8                usbd_control_xfer_cb
 .text.tud_cdc_n_connected
                0x00000000100057f0       0x30 CMakeFiles/closed-loop-stepper-motor-control.dir/home/iamamistake/pi/pico/pico-sdk/lib/tinyusb/src/class/cdc/cdc_device.c.obj
                0x00000000100057f0                tud_cdc_n_connected
 .text.tud_cdc_n_available
                0x0000000010005820       0x18 CMakeFiles/closed-loop-stepper-motor-control.dir/home/iamamistake/pi/pico/pico-sdk/lib/tinyusb/src/class/cdc/cdc_device.c.obj
                0x0000000010005820                tud_cdc_n_available
 .text.tud_cdc_n_read
                0x0000000010005838       0x70 CMakeFiles/closed-loop-stepper-motor-control.dir/home/iamamistake/pi/pico/pico-sdk/lib/tinyusb/src/class/cdc/cdc_device.c.obj
                0x0000000010005838                tud_cdc_n_read
 .text.tud_cdc_n_write_flush
                0x00000000100058a8       0x78 CMakeFiles/closed-loop-stepper-motor-control.dir/home/iamamistake/pi/pico/pico-sdk/lib/tinyusb/src/class/cdc/cdc_device.c.obj
                0x00000000100058a8                tud_cdc_n_write_flush
 .text.tud_cdc_n_write
                0x0000000010005920       0x34 CMakeFiles/closed-loop-stepper-motor-control.dir/home/iamamistake/pi/pico/pico-sdk/lib/tinyusb/src/class/cdc/cdc_device.c.obj
                0x0000000010005920                tud_cdc_n_write
 .text.tud_cdc_n_write_available
                0x0000000010005954       0x18 CMakeFiles/closed-loop-stepper-motor-control.dir/home/iamamistake/pi/pico/pico-sdk/lib/tinyusb/src/class/cdc/cdc_device.c.obj
                0x0000000010005954                tud_cdc_n_write_available
 .text.cdcd_init
                0x000000001000596c       0x7c CMakeFiles/closed-loop-stepper-motor-control.dir/home/iamamistake/pi/pico/pico-sdk/lib/tinyusb/src/class/cdc/cdc_device.c.obj
                0x000000001000596c                cdcd_init
 .text.cdcd_reset
                0x00000000100059e8       0x2c CMakeFiles/closed-loop-stepper-motor-control.dir/home/iamamistake/pi/pico/pico-sdk/lib/tinyusb/src/class/cdc/cdc_device.c.obj
                0x00000000100059e8                cdcd_reset
 .text.cdcd_open
                0x0000000010005a14       0xe4 CMakeFiles/closed-loop-stepper-motor-control.dir/home/iamamistake/pi/pico/pico-sdk/lib/tinyusb/src/class/cdc/cdc_device.c.obj
                0x0000000010005a14                cdcd_open
 .text.cdcd_control_xfer_cb
                0x0000000010005af8       0xe4 CMakeFiles/closed-loop-stepper-motor-control.dir/home/iamamistake/pi/pico/pico-sdk/lib/tinyusb/src/class/cdc/cdc_device.c.obj
                0x0000000010005af8                cdcd_control_xfer_cb
 .text.cdcd_xfer_cb
                0x0000000010005bdc      0x198 CMakeFiles/closed-loop-stepper-motor-control.dir/home/iamamistake/pi/pico/pico-sdk/lib/tinyusb/src/class/cdc/cdc_device.c.obj
                0x0000000010005bdc                cdcd_xfer_cb
 .text.tusb_init
                0x0000000010005d74        0xc CMakeFiles/closed-loop-stepper-motor-control.dir/home/iamamistake/pi/pico/pico-sdk/lib/tinyusb/src/tusb.c.obj
                0x0000000010005d74                tusb_init
 .text.tusb_inited
                0x0000000010005d80        0x8 CMakeFiles/closed-loop-stepper-motor-control.dir/home/iamamistake/pi/pico/pico-sdk/lib/tinyusb/src/tusb.c.obj
                0x0000000010005d80                tusb_inited
 .text.tu_edpt_validate
                0x0000000010005d88       0x78 CMakeFiles/closed-loop-stepper-motor-control.dir/home/iamamistake/pi/pico/pico-sdk/lib/tinyusb/src/tusb.c.obj
                0x0000000010005d88                tu_edpt_validate
 .text.tu_edpt_bind_driver
                0x0000000010005e00       0x2c CMakeFiles/closed-loop-stepper-motor-control.dir/home/iamamistake/pi/pico/pico-sdk/lib/tinyusb/src/tusb.c.obj
                0x0000000010005e00                tu_edpt_bind_driver
 .text.tu_fifo_config
                0x0000000010005e2c       0x78 CMakeFiles/closed-loop-stepper-motor-control.dir/home/iamamistake/pi/pico/pico-sdk/lib/tinyusb/src/common/tusb_fifo.c.obj
                0x0000000010005e2c                tu_fifo_config
 .text.tu_fifo_count
                0x0000000010005ea4       0x20 CMakeFiles/closed-loop-stepper-motor-control.dir/home/iamamistake/pi/pico/pico-sdk/lib/tinyusb/src/common/tusb_fifo.c.obj
                0x0000000010005ea4                tu_fifo_count
 .text.tu_fifo_empty
                0x0000000010005ec4       0x10 CMakeFiles/closed-loop-stepper-motor-control.dir/home/iamamistake/pi/pico/pico-sdk/lib/tinyusb/src/common/tusb_fifo.c.obj
                0x0000000010005ec4                tu_fifo_empty
 .text.tu_fifo_remaining
                0x0000000010005ed4       0x1c CMakeFiles/closed-loop-stepper-motor-control.dir/home/iamamistake/pi/pico/pico-sdk/lib/tinyusb/src/common/tusb_fifo.c.obj
                0x0000000010005ed4                tu_fifo_remaining
 .text.tu_fifo_read
                0x0000000010005ef0       0x9c CMakeFiles/closed-loop-stepper-motor-control.dir/home/iamamistake/pi/pico/pico-sdk/lib/tinyusb/src/common/tusb_fifo.c.obj
                0x0000000010005ef0                tu_fifo_read
 .text.tu_fifo_read_n
                0x0000000010005f8c      0x100 CMakeFiles/closed-loop-stepper-motor-control.dir/home/iamamistake/pi/pico/pico-sdk/lib/tinyusb/src/common/tusb_fifo.c.obj
                0x0000000010005f8c                tu_fifo_read_n
 .text.tu_fifo_write
                0x000000001000608c       0x7c CMakeFiles/closed-loop-stepper-motor-control.dir/home/iamamistake/pi/pico/pico-sdk/lib/tinyusb/src/common/tusb_fifo.c.obj
                0x000000001000608c                tu_fifo_write
 .text.tu_fifo_write_n
                0x0000000010006108       0xf8 CMakeFiles/closed-loop-stepper-motor-control.dir/home/iamamistake/pi/pico/pico-sdk/lib/tinyusb/src/common/tusb_fifo.c.obj
                0x0000000010006108                tu_fifo_write_n
 .text.tu_fifo_clear
                0x0000000010006200       0x4c CMakeFiles/closed-loop-stepper-motor-control.dir/home/iamamistake/pi/pico/pico-sdk/lib/tinyusb/src/common/tusb_fifo.c.obj
                0x0000000010006200                tu_fifo_clear
 .text.tu_fifo_set_overwritable
                0x000000001000624c       0x3c CMakeFiles/closed-loop-stepper-motor-control.dir/home/iamamistake/pi/pico/pico-sdk/lib/tinyusb/src/common/tusb_fifo.c.obj
                0x000000001000624c                tu_fifo_set_overwritable
 .text          0x0000000010006288       0x68 /usr/lib/gcc/arm-none-eabi/9.2.1/../../../arm-none-eabi/lib/thumb/v6-m/nofp/libc.a(lib_a-strlen-stub.o)
                0x0000000010006288                strlen
 *(.fini)
 .fini          0x00000000100062f0        0x4 /usr/lib/gcc/arm-none-eabi/9.2.1/thumb/v6-m/nofp/crti.o
                0x00000000100062f0                _fini
 *fill*         0x00000000100062f4        0x4 
 .fini.__stub   0x00000000100062f8       0x70 linker stubs
 *crtbegin.o(.ctors)
 *crtbegin?.o(.ctors)
 *(EXCLUDE_FILE(*crtend.o *crtend?.o) .ctors)
 *(SORT_BY_NAME(.ctors.*))
 *(.ctors)
 *crtbegin.o(.dtors)
 *crtbegin?.o(.dtors)
 *(EXCLUDE_FILE(*crtend.o *crtend?.o) .dtors)
 *(SORT_BY_NAME(.dtors.*))
 *(.dtors)
 *(.eh_frame*)
 .eh_frame      0x0000000010006368        0x0 /usr/lib/gcc/arm-none-eabi/9.2.1/thumb/v6-m/nofp/crtbegin.o
                0x0000000010006368                . = ALIGN (0x4)

.glue_7         0x0000000010006368        0x0
 .glue_7        0x0000000010006368        0x0 linker stubs

.glue_7t        0x0000000010006368        0x0
 .glue_7t       0x0000000010006368        0x0 linker stubs

.vfp11_veneer   0x0000000010006368        0x0
 .vfp11_veneer  0x0000000010006368        0x0 linker stubs

.v4_bx          0x0000000010006368        0x0
 .v4_bx         0x0000000010006368        0x0 linker stubs

.iplt           0x0000000010006368        0x0
 .iplt          0x0000000010006368        0x0 /usr/lib/gcc/arm-none-eabi/9.2.1/thumb/v6-m/nofp/crtbegin.o

.rodata         0x0000000010006368      0x334
 *(EXCLUDE_FILE(*libm.a: *libc.a:*lib_a-mem*.o *libgcc.a:) .rodata*)
 .rodata.system_config_clock_init.str1.4
                0x0000000010006368       0x32 CMakeFiles/closed-loop-stepper-motor-control.dir/common/system_config.c.obj
 *fill*         0x000000001000639a        0x2 
 .rodata        0x000000001000639c        0x9 CMakeFiles/closed-loop-stepper-motor-control.dir/application/user_application.c.obj
 *fill*         0x00000000100063a5        0x3 
 .rodata.spin_lock_claim_unused.str1.4
                0x00000000100063a8       0x1b CMakeFiles/closed-loop-stepper-motor-control.dir/home/iamamistake/pi/pico/pico-sdk/src/rp2_common/hardware_sync/sync.c.obj
 *fill*         0x00000000100063c3        0x1 
 .rodata.user_irq_claim_unused.str1.4
                0x00000000100063c4       0x1b CMakeFiles/closed-loop-stepper-motor-control.dir/home/iamamistake/pi/pico/pico-sdk/src/rp2_common/hardware_irq/irq.c.obj
 *fill*         0x00000000100063df        0x1 
 .rodata.hardware_alarm_claim.str1.4
                0x00000000100063e0       0x22 CMakeFiles/closed-loop-stepper-motor-control.dir/home/iamamistake/pi/pico/pico-sdk/src/rp2_common/hardware_timer/timer.c.obj
 *fill*         0x0000000010006402        0x2 
 .rodata.panic.str1.4
                0x0000000010006404       0x12 CMakeFiles/closed-loop-stepper-motor-control.dir/home/iamamistake/pi/pico/pico-sdk/src/rp2_common/pico_runtime/runtime.c.obj
 *fill*         0x0000000010006416        0x2 
 .rodata.hard_assertion_failure.str1.4
                0x0000000010006418        0xc CMakeFiles/closed-loop-stepper-motor-control.dir/home/iamamistake/pi/pico/pico-sdk/src/rp2_common/pico_runtime/runtime.c.obj
 .rodata.str1.4
                0x0000000010006424       0x60 CMakeFiles/closed-loop-stepper-motor-control.dir/home/iamamistake/pi/pico/pico-sdk/src/rp2_common/pico_standard_link/binary_info.c.obj
 .rodata.__bi_44
                0x0000000010006484        0xc CMakeFiles/closed-loop-stepper-motor-control.dir/home/iamamistake/pi/pico/pico-sdk/src/rp2_common/pico_standard_link/binary_info.c.obj
 .rodata.__bi_75
                0x0000000010006490        0xc CMakeFiles/closed-loop-stepper-motor-control.dir/home/iamamistake/pi/pico/pico-sdk/src/rp2_common/pico_standard_link/binary_info.c.obj
 .rodata.__bi_81
                0x000000001000649c        0xc CMakeFiles/closed-loop-stepper-motor-control.dir/home/iamamistake/pi/pico/pico-sdk/src/rp2_common/pico_standard_link/binary_info.c.obj
 .rodata.crlf_str.6087
                0x00000000100064a8        0x2 CMakeFiles/closed-loop-stepper-motor-control.dir/home/iamamistake/pi/pico/pico-sdk/src/rp2_common/pico_stdio/stdio.c.obj
 *fill*         0x00000000100064aa        0x2 
 .rodata._resetd_driver
                0x00000000100064ac       0x18 CMakeFiles/closed-loop-stepper-motor-control.dir/home/iamamistake/pi/pico/pico-sdk/src/rp2_common/pico_stdio_usb/reset_interface.c.obj
 .rodata.str1.4
                0x00000000100064c4       0x13 CMakeFiles/closed-loop-stepper-motor-control.dir/home/iamamistake/pi/pico/pico-sdk/src/rp2_common/pico_stdio_usb/stdio_usb.c.obj
 *fill*         0x00000000100064d7        0x1 
 .rodata.__bi_182.7334
                0x00000000100064d8        0xc CMakeFiles/closed-loop-stepper-motor-control.dir/home/iamamistake/pi/pico/pico-sdk/src/rp2_common/pico_stdio_usb/stdio_usb.c.obj
 .rodata.str1.4
                0x00000000100064e4       0x2a CMakeFiles/closed-loop-stepper-motor-control.dir/home/iamamistake/pi/pico/pico-sdk/src/rp2_common/pico_stdio_usb/stdio_usb_descriptors.c.obj
 *fill*         0x000000001000650e        0x2 
 .rodata.usbd_desc_cfg
                0x0000000010006510       0x54 CMakeFiles/closed-loop-stepper-motor-control.dir/home/iamamistake/pi/pico/pico-sdk/src/rp2_common/pico_stdio_usb/stdio_usb_descriptors.c.obj
 .rodata.usbd_desc_device
                0x0000000010006564       0x12 CMakeFiles/closed-loop-stepper-motor-control.dir/home/iamamistake/pi/pico/pico-sdk/src/rp2_common/pico_stdio_usb/stdio_usb_descriptors.c.obj
 *fill*         0x0000000010006576        0x2 
 .rodata.usbd_desc_str
                0x0000000010006578       0x18 CMakeFiles/closed-loop-stepper-motor-control.dir/home/iamamistake/pi/pico/pico-sdk/src/rp2_common/pico_stdio_usb/stdio_usb_descriptors.c.obj
 .rodata.dcd_rp2040_irq.str1.4
                0x0000000010006590       0x14 CMakeFiles/closed-loop-stepper-motor-control.dir/home/iamamistake/pi/pico/pico-sdk/lib/tinyusb/src/portable/raspberrypi/rp2040/dcd_rp2040.c.obj
 .rodata._hw_endpoint_buffer_control_update32.part.0.str1.4
                0x00000000100065a4       0x1f CMakeFiles/closed-loop-stepper-motor-control.dir/home/iamamistake/pi/pico/pico-sdk/lib/tinyusb/src/portable/raspberrypi/rp2040/rp2040_usb.c.obj
 *fill*         0x00000000100065c3        0x1 
 .rodata.hw_endpoint_xfer_continue.str1.4
                0x00000000100065c4       0x29 CMakeFiles/closed-loop-stepper-motor-control.dir/home/iamamistake/pi/pico/pico-sdk/lib/tinyusb/src/portable/raspberrypi/rp2040/rp2040_usb.c.obj
 *fill*         0x00000000100065ed        0x3 
 .rodata.str1.4
                0x00000000100065f0        0x7 CMakeFiles/closed-loop-stepper-motor-control.dir/home/iamamistake/pi/pico/pico-sdk/lib/tinyusb/src/portable/raspberrypi/rp2040/rp2040_usb.c.obj
 *fill*         0x00000000100065f7        0x1 
 .rodata.tud_task
                0x00000000100065f8       0x8c CMakeFiles/closed-loop-stepper-motor-control.dir/home/iamamistake/pi/pico/pico-sdk/lib/tinyusb/src/device/usbd.c.obj
 .rodata._usbd_driver
                0x0000000010006684       0x18 CMakeFiles/closed-loop-stepper-motor-control.dir/home/iamamistake/pi/pico/pico-sdk/lib/tinyusb/src/device/usbd.c.obj
                0x000000001000669c                . = ALIGN (0x4)
 *(SORT_BY_ALIGNMENT(SORT_BY_NAME(.flashdata*)))
                0x000000001000669c                . = ALIGN (0x4)

.ARM.extab
 *(.ARM.extab* .gnu.linkonce.armextab.*)
                0x000000001000669c                __exidx_start = .

.ARM.exidx
 *(.ARM.exidx* .gnu.linkonce.armexidx.*)
                0x000000001000669c                __exidx_end = .
                0x000000001000669c                . = ALIGN (0x4)
                0x000000001000669c                __binary_info_start = .

.binary_info    0x000000001000669c       0x20
 *(.binary_info.keep.*)
 .binary_info.keep.__bi_ptr22
                0x000000001000669c        0x4 CMakeFiles/closed-loop-stepper-motor-control.dir/home/iamamistake/pi/pico/pico-sdk/src/rp2_common/pico_standard_link/binary_info.c.obj
 .binary_info.keep.__bi_ptr30
                0x00000000100066a0        0x4 CMakeFiles/closed-loop-stepper-motor-control.dir/home/iamamistake/pi/pico/pico-sdk/src/rp2_common/pico_standard_link/binary_info.c.obj
 .binary_info.keep.__bi_ptr38
                0x00000000100066a4        0x4 CMakeFiles/closed-loop-stepper-motor-control.dir/home/iamamistake/pi/pico/pico-sdk/src/rp2_common/pico_standard_link/binary_info.c.obj
 .binary_info.keep.__bi_ptr44
                0x00000000100066a8        0x4 CMakeFiles/closed-loop-stepper-motor-control.dir/home/iamamistake/pi/pico/pico-sdk/src/rp2_common/pico_standard_link/binary_info.c.obj
 .binary_info.keep.__bi_ptr50
                0x00000000100066ac        0x4 CMakeFiles/closed-loop-stepper-motor-control.dir/home/iamamistake/pi/pico/pico-sdk/src/rp2_common/pico_standard_link/binary_info.c.obj
 .binary_info.keep.__bi_ptr75
                0x00000000100066b0        0x4 CMakeFiles/closed-loop-stepper-motor-control.dir/home/iamamistake/pi/pico/pico-sdk/src/rp2_common/pico_standard_link/binary_info.c.obj
 .binary_info.keep.__bi_ptr81
                0x00000000100066b4        0x4 CMakeFiles/closed-loop-stepper-motor-control.dir/home/iamamistake/pi/pico/pico-sdk/src/rp2_common/pico_standard_link/binary_info.c.obj
 *(.binary_info.*)
 .binary_info.__bi_ptr182
                0x00000000100066b8        0x4 CMakeFiles/closed-loop-stepper-motor-control.dir/home/iamamistake/pi/pico/pico-sdk/src/rp2_common/pico_stdio_usb/stdio_usb.c.obj
                0x00000000100066bc                __binary_info_end = .

.rel.dyn        0x00000000100066bc        0x0
 .rel.iplt      0x00000000100066bc        0x0 /usr/lib/gcc/arm-none-eabi/9.2.1/thumb/v6-m/nofp/crtbegin.o
                0x00000000100066bc                . = ALIGN (0x4)

.ram_vector_table
                0x0000000020000000       0xc0
 *(.ram_vector_table)
 .ram_vector_table
                0x0000000020000000       0xc0 CMakeFiles/closed-loop-stepper-motor-control.dir/home/iamamistake/pi/pico/pico-sdk/src/rp2_common/pico_runtime/runtime.c.obj
                0x0000000020000000                ram_vector_table

.uninitialized_data
                0x00000000200000c0        0x0
                0x00000000200000c0                . = ALIGN (0x4)
 *(.uninitialized_data*)

.data           0x00000000200000c0      0x714 load address 0x00000000100066bc
                0x00000000200000c0                __data_start__ = .
 *(vtable)
 *(.time_critical*)
 .time_critical.mutex_try_enter
                0x00000000200000c0       0x48 CMakeFiles/closed-loop-stepper-motor-control.dir/home/iamamistake/pi/pico/pico-sdk/src/common/pico_sync/mutex.c.obj
                0x00000000200000c0                mutex_try_enter
 .time_critical.mutex_try_enter_block_until
                0x0000000020000108       0xb0 CMakeFiles/closed-loop-stepper-motor-control.dir/home/iamamistake/pi/pico/pico-sdk/src/common/pico_sync/mutex.c.obj
                0x0000000020000108                mutex_try_enter_block_until
 .time_critical.mutex_enter_timeout_ms
                0x00000000200001b8       0x90 CMakeFiles/closed-loop-stepper-motor-control.dir/home/iamamistake/pi/pico/pico-sdk/src/common/pico_sync/mutex.c.obj
                0x00000000200001b8                mutex_enter_timeout_ms
 .time_critical.mutex_exit
                0x0000000020000248       0x28 CMakeFiles/closed-loop-stepper-motor-control.dir/home/iamamistake/pi/pico/pico-sdk/src/common/pico_sync/mutex.c.obj
                0x0000000020000248                mutex_exit
 .time_critical.flash_init_boot2_copyout
                0x0000000020000270       0x30 CMakeFiles/closed-loop-stepper-motor-control.dir/home/iamamistake/pi/pico/pico-sdk/src/rp2_common/hardware_flash/flash.c.obj
 .time_critical.flash_enable_xip_via_boot2
                0x00000000200002a0       0x10 CMakeFiles/closed-loop-stepper-motor-control.dir/home/iamamistake/pi/pico/pico-sdk/src/rp2_common/hardware_flash/flash.c.obj
 .time_critical.flash_cs_force
                0x00000000200002b0       0x38 CMakeFiles/closed-loop-stepper-motor-control.dir/home/iamamistake/pi/pico/pico-sdk/src/rp2_common/hardware_flash/flash.c.obj
 .time_critical.flash_do_cmd
                0x00000000200002e8       0xc4 CMakeFiles/closed-loop-stepper-motor-control.dir/home/iamamistake/pi/pico/pico-sdk/src/rp2_common/hardware_flash/flash.c.obj
                0x00000000200002e8                flash_do_cmd
 *(.text*)
 .text          0x00000000200003ac        0x4 /usr/lib/gcc/arm-none-eabi/9.2.1/thumb/v6-m/nofp/libgcc.a(_dvmd_tls.o)
                0x00000000200003ac                __aeabi_ldiv0
                0x00000000200003ac                __aeabi_idiv0
 .text.__stub   0x00000000200003b0       0x30 linker stubs
                0x00000000200003e0                . = ALIGN (0x4)
 *(.rodata*)
                0x00000000200003e0                . = ALIGN (0x4)
 *(.data*)
 .data.encoder_drv_event_handling
                0x00000000200003e0        0x1 CMakeFiles/closed-loop-stepper-motor-control.dir/drivers/encoder/encoder_drv.c.obj
 .data.previous_anticlockwise_step_event_assertion_failed.5159
                0x00000000200003e1        0x1 CMakeFiles/closed-loop-stepper-motor-control.dir/drivers/encoder/encoder_drv.c.obj
 .data.previous_clockwise_step_event_assertion_failed.5160
                0x00000000200003e2        0x1 CMakeFiles/closed-loop-stepper-motor-control.dir/drivers/encoder/encoder_drv.c.obj
 *fill*         0x00000000200003e3        0x1 
 .data.scheduler_params
                0x00000000200003e4      0x2f4 CMakeFiles/closed-loop-stepper-motor-control.dir/components/scheduler/scheduler.c.obj
 .data.striped_spin_lock_num
                0x00000000200006d8        0x1 CMakeFiles/closed-loop-stepper-motor-control.dir/home/iamamistake/pi/pico/pico-sdk/src/rp2_common/hardware_sync/sync.c.obj
 *fill*         0x00000000200006d9        0x3 
 .data          0x00000000200006dc       0x48 CMakeFiles/closed-loop-stepper-motor-control.dir/home/iamamistake/pi/pico/pico-sdk/src/rp2_common/hardware_irq/irq_handler_chain.S.obj
                0x00000000200006dc                irq_handler_chain_slots
                0x000000002000070c                irq_handler_chain_first_slot
                0x0000000020000716                irq_handler_chain_remove_tail
 .data.default_alarm_pool
                0x0000000020000724       0x18 CMakeFiles/closed-loop-stepper-motor-control.dir/home/iamamistake/pi/pico/pico-sdk/src/common/pico_time/time.c.obj
 .data.default_alarm_pool_heap
                0x000000002000073c       0x10 CMakeFiles/closed-loop-stepper-motor-control.dir/home/iamamistake/pi/pico/pico-sdk/src/common/pico_time/time.c.obj
 *fill*         0x000000002000074c        0x4 
 .data.aeabi_bits_funcs
                0x0000000020000750       0x10 CMakeFiles/closed-loop-stepper-motor-control.dir/home/iamamistake/pi/pico/pico-sdk/src/rp2_common/pico_bit_ops/bit_ops_aeabi.S.obj
                0x0000000020000750                aeabi_bits_funcs
                0x0000000020000760                aeabi_bits_funcs_end
 .data.aeabi_mem_funcs
                0x0000000020000760       0x10 CMakeFiles/closed-loop-stepper-motor-control.dir/home/iamamistake/pi/pico/pico-sdk/src/rp2_common/pico_mem_ops/mem_ops_aeabi.S.obj
                0x0000000020000760                aeabi_mem_funcs
                0x0000000020000770                aeabi_mem_funcs_end
 .data.stdio_usb
                0x0000000020000770       0x18 CMakeFiles/closed-loop-stepper-motor-control.dir/home/iamamistake/pi/pico/pico-sdk/src/rp2_common/pico_stdio_usb/stdio_usb.c.obj
                0x0000000020000770                stdio_usb
 .data.ep_dir_string
                0x0000000020000788        0x8 CMakeFiles/closed-loop-stepper-motor-control.dir/home/iamamistake/pi/pico/pico-sdk/lib/tinyusb/src/portable/raspberrypi/rp2040/rp2040_usb.c.obj
                0x0000000020000788                ep_dir_string
 .data._usbd_qdef
                0x0000000020000790       0x24 CMakeFiles/closed-loop-stepper-motor-control.dir/home/iamamistake/pi/pico/pico-sdk/lib/tinyusb/src/device/usbd.c.obj
                0x0000000020000790                _usbd_qdef
                0x00000000200007b4                . = ALIGN (0x4)
 *(.after_data.*)
                0x00000000200007b4                . = ALIGN (0x4)
                0x00000000200007b4                PROVIDE (__mutex_array_start = .)
 *(SORT_BY_NAME(.mutex_array.*))
 *(.mutex_array)
 .mutex_array   0x00000000200007b4        0x8 CMakeFiles/closed-loop-stepper-motor-control.dir/home/iamamistake/pi/pico/pico-sdk/src/rp2_common/pico_stdio/stdio.c.obj
                0x00000000200007bc                PROVIDE (__mutex_array_end = .)
                0x00000000200007bc                . = ALIGN (0x4)
                0x00000000200007bc                PROVIDE (__preinit_array_start = .)
 *(SORT_BY_NAME(.preinit_array.*))
 .preinit_array.00001
                0x00000000200007bc        0x4 CMakeFiles/closed-loop-stepper-motor-control.dir/home/iamamistake/pi/pico/pico-sdk/src/rp2_common/pico_mem_ops/mem_ops_aeabi.S.obj
 .preinit_array.00010
                0x00000000200007c0        0x4 CMakeFiles/closed-loop-stepper-motor-control.dir/home/iamamistake/pi/pico/pico-sdk/src/rp2_common/pico_bit_ops/bit_ops_aeabi.S.obj
 .preinit_array.00020
                0x00000000200007c4        0x4 CMakeFiles/closed-loop-stepper-motor-control.dir/home/iamamistake/pi/pico/pico-sdk/src/rp2_common/pico_double/double_aeabi.S.obj
 .preinit_array.00020
                0x00000000200007c8        0x4 CMakeFiles/closed-loop-stepper-motor-control.dir/home/iamamistake/pi/pico/pico-sdk/src/rp2_common/pico_float/float_aeabi.S.obj
 *(.preinit_array)
                0x00000000200007cc                PROVIDE (__preinit_array_end = .)
                0x00000000200007cc                . = ALIGN (0x4)
                0x00000000200007cc                PROVIDE (__init_array_start = .)
 *(SORT_BY_NAME(.init_array.*))
 *(.init_array)
 .init_array    0x00000000200007cc        0x4 /usr/lib/gcc/arm-none-eabi/9.2.1/thumb/v6-m/nofp/crtbegin.o
 .init_array    0x00000000200007d0        0x4 CMakeFiles/closed-loop-stepper-motor-control.dir/home/iamamistake/pi/pico/pico-sdk/src/rp2_common/pico_unique_id/unique_id.c.obj
                0x00000000200007d4                PROVIDE (__init_array_end = .)
                0x00000000200007d4                . = ALIGN (0x4)
                0x00000000200007d4                PROVIDE (__fini_array_start = .)
 *(SORT_BY_NAME(.fini_array.*))
 *(.fini_array)
                0x00000000200007d4                PROVIDE (__fini_array_end = .)
 *(.jcr)
                0x00000000200007d4                . = ALIGN (0x4)
                0x00000000200007d4                __data_end__ = .
                0x00000000100066bc                __etext = LOADADDR (.data)

.tm_clone_table
                0x00000000200007d4        0x0 load address 0x0000000010006dd0
 .tm_clone_table
                0x00000000200007d4        0x0 /usr/lib/gcc/arm-none-eabi/9.2.1/thumb/v6-m/nofp/crtbegin.o
 .tm_clone_table
                0x00000000200007d4        0x0 /usr/lib/gcc/arm-none-eabi/9.2.1/thumb/v6-m/nofp/crtend.o

.igot.plt       0x00000000200007d4        0x0 load address 0x0000000010006dd0
 .igot.plt      0x00000000200007d4        0x0 /usr/lib/gcc/arm-none-eabi/9.2.1/thumb/v6-m/nofp/crtbegin.o

.scratch_x      0x0000000020040000        0x0 load address 0x0000000010006dd0
                0x0000000020040000                __scratch_x_start__ = .
 *(.scratch_x.*)
                0x0000000020040000                . = ALIGN (0x4)
                0x0000000020040000                __scratch_x_end__ = .
                0x0000000010006dd0                __scratch_x_source__ = LOADADDR (.scratch_x)

.scratch_y      0x0000000020041000        0x0 load address 0x0000000010006dd0
                0x0000000020041000                __scratch_y_start__ = .
 *(.scratch_y.*)
                0x0000000020041000                . = ALIGN (0x4)
                0x0000000020041000                __scratch_y_end__ = .
                0x0000000010006dd0                __scratch_y_source__ = LOADADDR (.scratch_y)

.bss            0x00000000200007d8      0xec0
                0x00000000200007d8                . = ALIGN (0x4)
                0x00000000200007d8                __bss_start__ = .
 *(SORT_BY_ALIGNMENT(SORT_BY_NAME(.bss*)))
 .bss.default_alarm_pool_entries
                0x00000000200007d8      0x100 CMakeFiles/closed-loop-stepper-motor-control.dir/home/iamamistake/pi/pico/pico-sdk/src/common/pico_time/time.c.obj
 .bss.last_avail_time.7310
                0x00000000200008d8        0x8 CMakeFiles/closed-loop-stepper-motor-control.dir/home/iamamistake/pi/pico/pico-sdk/src/rp2_common/pico_stdio_usb/stdio_usb.c.obj
 .bss           0x00000000200008e0       0x1c /usr/lib/gcc/arm-none-eabi/9.2.1/thumb/v6-m/nofp/crtbegin.o
 .bss._app_driver
                0x00000000200008fc        0x4 CMakeFiles/closed-loop-stepper-motor-control.dir/home/iamamistake/pi/pico/pico-sdk/lib/tinyusb/src/device/usbd.c.obj
 .bss._cdcd_itf
                0x0000000020000900      0x2d8 CMakeFiles/closed-loop-stepper-motor-control.dir/home/iamamistake/pi/pico/pico-sdk/lib/tinyusb/src/class/cdc/cdc_device.c.obj
 .bss._ctrl_xfer
                0x0000000020000bd8       0x14 CMakeFiles/closed-loop-stepper-motor-control.dir/home/iamamistake/pi/pico/pico-sdk/lib/tinyusb/src/device/usbd_control.c.obj
 .bss._ubsd_mutexdef
                0x0000000020000bec        0x8 CMakeFiles/closed-loop-stepper-motor-control.dir/home/iamamistake/pi/pico/pico-sdk/lib/tinyusb/src/device/usbd.c.obj
 .bss._usbd_ctrl_buf
                0x0000000020000bf4       0x40 CMakeFiles/closed-loop-stepper-motor-control.dir/home/iamamistake/pi/pico/pico-sdk/lib/tinyusb/src/device/usbd_control.c.obj
 .bss._usbd_dev
                0x0000000020000c34       0x53 CMakeFiles/closed-loop-stepper-motor-control.dir/home/iamamistake/pi/pico/pico-sdk/lib/tinyusb/src/device/usbd.c.obj
 *fill*         0x0000000020000c87        0x1 
 .bss._usbd_mutex
                0x0000000020000c88        0x4 CMakeFiles/closed-loop-stepper-motor-control.dir/home/iamamistake/pi/pico/pico-sdk/lib/tinyusb/src/device/usbd.c.obj
 .bss._usbd_q   0x0000000020000c8c        0x4 CMakeFiles/closed-loop-stepper-motor-control.dir/home/iamamistake/pi/pico/pico-sdk/lib/tinyusb/src/device/usbd.c.obj
 .bss.alarm_callbacks
                0x0000000020000c90       0x10 CMakeFiles/closed-loop-stepper-motor-control.dir/home/iamamistake/pi/pico/pico-sdk/src/rp2_common/hardware_timer/timer.c.obj
 .bss.boot2_copyout
                0x0000000020000ca0      0x100 CMakeFiles/closed-loop-stepper-motor-control.dir/home/iamamistake/pi/pico/pico-sdk/src/rp2_common/hardware_flash/flash.c.obj
 .bss.callbacks
                0x0000000020000da0        0x8 CMakeFiles/closed-loop-stepper-motor-control.dir/home/iamamistake/pi/pico/pico-sdk/src/rp2_common/hardware_gpio/gpio.c.obj
 .bss.chars_available_callback
                0x0000000020000da8        0x4 CMakeFiles/closed-loop-stepper-motor-control.dir/home/iamamistake/pi/pico/pico-sdk/src/rp2_common/pico_stdio_usb/stdio_usb.c.obj
 .bss.chars_available_param
                0x0000000020000dac        0x4 CMakeFiles/closed-loop-stepper-motor-control.dir/home/iamamistake/pi/pico/pico-sdk/src/rp2_common/pico_stdio_usb/stdio_usb.c.obj
 .bss.claimed   0x0000000020000db0        0x4 CMakeFiles/closed-loop-stepper-motor-control.dir/home/iamamistake/pi/pico/pico-sdk/src/rp2_common/hardware_sync/sync.c.obj
 .bss.configured_freq
                0x0000000020000db4       0x28 CMakeFiles/closed-loop-stepper-motor-control.dir/home/iamamistake/pi/pico/pico-sdk/src/rp2_common/hardware_clocks/clocks.c.obj
 .bss.default_alarm_pool_entry_ids_high
                0x0000000020000ddc       0x10 CMakeFiles/closed-loop-stepper-motor-control.dir/home/iamamistake/pi/pico/pico-sdk/src/common/pico_time/time.c.obj
 .bss.default_alarm_pool_heap_nodes
                0x0000000020000dec       0x30 CMakeFiles/closed-loop-stepper-motor-control.dir/home/iamamistake/pi/pico/pico-sdk/src/common/pico_time/time.c.obj
 .bss.desc_str.7107
                0x0000000020000e1c       0x28 CMakeFiles/closed-loop-stepper-motor-control.dir/home/iamamistake/pi/pico/pico-sdk/src/rp2_common/pico_stdio_usb/stdio_usb_descriptors.c.obj
 .bss.drivers   0x0000000020000e44        0x4 CMakeFiles/closed-loop-stepper-motor-control.dir/home/iamamistake/pi/pico/pico-sdk/src/rp2_common/pico_stdio/stdio.c.obj
 .bss.encoder_drv_event_handlers
                0x0000000020000e48        0x8 CMakeFiles/closed-loop-stepper-motor-control.dir/drivers/encoder/encoder_drv.c.obj
 .bss.filter    0x0000000020000e50        0x4 CMakeFiles/closed-loop-stepper-motor-control.dir/home/iamamistake/pi/pico/pico-sdk/src/rp2_common/pico_stdio/stdio.c.obj
 .bss.hw_endpoints
                0x0000000020000e54      0x400 CMakeFiles/closed-loop-stepper-motor-control.dir/home/iamamistake/pi/pico/pico-sdk/lib/tinyusb/src/portable/raspberrypi/rp2040/dcd_rp2040.c.obj
 .bss.ipc_data_packet_received_event_handler
                0x0000000020001254        0x4 CMakeFiles/closed-loop-stepper-motor-control.dir/components/ipc/ipc.c.obj
 .bss.ipc_received_data_packet_buffer
                0x0000000020001258       0xfb CMakeFiles/closed-loop-stepper-motor-control.dir/components/ipc/ipc.c.obj
 *fill*         0x0000000020001353        0x1 
 .bss.ipc_state_machine_params.5621
                0x0000000020001354        0x3 CMakeFiles/closed-loop-stepper-motor-control.dir/components/ipc/ipc.c.obj
 *fill*         0x0000000020001357        0x1 
 .bss.lazy_vsnprintf
                0x0000000020001358        0x4 CMakeFiles/closed-loop-stepper-motor-control.dir/home/iamamistake/pi/pico/pico-sdk/src/rp2_common/pico_printf/printf.c.obj
 .bss.load_value
                0x000000002000135c        0x4 CMakeFiles/closed-loop-stepper-motor-control.dir/home/iamamistake/pi/pico/pico-sdk/src/rp2_common/hardware_watchdog/watchdog.c.obj
 .bss.next_buffer_ptr
                0x0000000020001360        0x4 CMakeFiles/closed-loop-stepper-motor-control.dir/home/iamamistake/pi/pico/pico-sdk/lib/tinyusb/src/portable/raspberrypi/rp2040/dcd_rp2040.c.obj
 .bss.one_shot_timer_crit_sec
                0x0000000020001364        0x8 CMakeFiles/closed-loop-stepper-motor-control.dir/home/iamamistake/pi/pico/pico-sdk/src/rp2_common/pico_stdio_usb/stdio_usb.c.obj
 .bss.pools     0x000000002000136c       0x10 CMakeFiles/closed-loop-stepper-motor-control.dir/home/iamamistake/pi/pico/pico-sdk/src/common/pico_time/time.c.obj
 .bss.raw_irq_mask
                0x000000002000137c        0x8 CMakeFiles/closed-loop-stepper-motor-control.dir/home/iamamistake/pi/pico/pico-sdk/src/rp2_common/hardware_gpio/gpio.c.obj
 .bss.retrieved_id
                0x0000000020001384        0x8 CMakeFiles/closed-loop-stepper-motor-control.dir/home/iamamistake/pi/pico/pico-sdk/src/rp2_common/pico_unique_id/unique_id.c.obj
 .bss.sf_clz_func
                0x000000002000138c        0x4 CMakeFiles/closed-loop-stepper-motor-control.dir/home/iamamistake/pi/pico/pico-sdk/src/rp2_common/pico_double/double_init_rom.c.obj
                0x000000002000138c                sf_clz_func
 .bss.sleep_notifier
                0x0000000020001390        0x4 CMakeFiles/closed-loop-stepper-motor-control.dir/home/iamamistake/pi/pico/pico-sdk/src/common/pico_time/time.c.obj
 .bss.stdio_usb_mutex
                0x0000000020001394        0x8 CMakeFiles/closed-loop-stepper-motor-control.dir/home/iamamistake/pi/pico/pico-sdk/src/rp2_common/pico_stdio_usb/stdio_usb.c.obj
 .bss.system_utils_save_interrupt_status
                0x000000002000139c        0x4 CMakeFiles/closed-loop-stepper-motor-control.dir/common/system_utils.c.obj
 .bss.target_hi
                0x00000000200013a0       0x10 CMakeFiles/closed-loop-stepper-motor-control.dir/home/iamamistake/pi/pico/pico-sdk/src/rp2_common/hardware_timer/timer.c.obj
 .bss.usbd_serial_str
                0x00000000200013b0       0x11 CMakeFiles/closed-loop-stepper-motor-control.dir/home/iamamistake/pi/pico/pico-sdk/src/rp2_common/pico_stdio_usb/stdio_usb_descriptors.c.obj
 *fill*         0x00000000200013c1        0x3 
 .bss.user_application_state_machine_params.6026
                0x00000000200013c4        0x3 CMakeFiles/closed-loop-stepper-motor-control.dir/application/user_application.c.obj
 .bss._app_driver_count
                0x00000000200013c7        0x1 CMakeFiles/closed-loop-stepper-motor-control.dir/home/iamamistake/pi/pico/pico-sdk/lib/tinyusb/src/device/usbd.c.obj
 .bss._usbd_initialized
                0x00000000200013c8        0x1 CMakeFiles/closed-loop-stepper-motor-control.dir/home/iamamistake/pi/pico/pico-sdk/lib/tinyusb/src/device/usbd.c.obj
 .bss.boot2_copyout_valid
                0x00000000200013c9        0x1 CMakeFiles/closed-loop-stepper-motor-control.dir/home/iamamistake/pi/pico/pico-sdk/src/rp2_common/hardware_flash/flash.c.obj
 .bss.claimed   0x00000000200013ca        0x1 CMakeFiles/closed-loop-stepper-motor-control.dir/home/iamamistake/pi/pico/pico-sdk/src/rp2_common/hardware_timer/timer.c.obj
 .bss.encoder_drv_encoder_position
                0x00000000200013cb        0x1 CMakeFiles/closed-loop-stepper-motor-control.dir/drivers/encoder/encoder_drv.c.obj
 .bss.encoder_position_update_notification.5161
                0x00000000200013cc        0x1 CMakeFiles/closed-loop-stepper-motor-control.dir/drivers/encoder/encoder_drv.c.obj
 .bss.ipc_state_machine_state.5620
                0x00000000200013cd        0x1 CMakeFiles/closed-loop-stepper-motor-control.dir/components/ipc/ipc.c.obj
 .bss.irq_handler_chain_free_slot_head
                0x00000000200013ce        0x1 CMakeFiles/closed-loop-stepper-motor-control.dir/home/iamamistake/pi/pico/pico-sdk/src/rp2_common/hardware_irq/irq.c.obj
 .bss.itf_num   0x00000000200013cf        0x1 CMakeFiles/closed-loop-stepper-motor-control.dir/home/iamamistake/pi/pico/pico-sdk/src/rp2_common/pico_stdio_usb/reset_interface.c.obj
 .bss.low_priority_irq_num
                0x00000000200013d0        0x1 CMakeFiles/closed-loop-stepper-motor-control.dir/home/iamamistake/pi/pico/pico-sdk/src/rp2_common/pico_stdio_usb/stdio_usb.c.obj
 .bss.one_shot_timer_pending
                0x00000000200013d1        0x1 CMakeFiles/closed-loop-stepper-motor-control.dir/home/iamamistake/pi/pico/pico-sdk/src/rp2_common/pico_stdio_usb/stdio_usb.c.obj
 .bss.recently_encountered_home_event.5156
                0x00000000200013d2        0x1 CMakeFiles/closed-loop-stepper-motor-control.dir/drivers/encoder/encoder_drv.c.obj
 .bss.timer_callbacks_pending
                0x00000000200013d3        0x1 CMakeFiles/closed-loop-stepper-motor-control.dir/home/iamamistake/pi/pico/pico-sdk/src/rp2_common/hardware_timer/timer.c.obj
 .bss.user_application_state_machine_state.6025
                0x00000000200013d4        0x1 CMakeFiles/closed-loop-stepper-motor-control.dir/application/user_application.c.obj
 .bss.user_irq_claimed
                0x00000000200013d5        0x1 CMakeFiles/closed-loop-stepper-motor-control.dir/home/iamamistake/pi/pico/pico-sdk/src/rp2_common/hardware_irq/irq.c.obj
 *(COMMON)
 *fill*         0x00000000200013d6        0x2 
 COMMON         0x00000000200013d8      0x100 CMakeFiles/closed-loop-stepper-motor-control.dir/home/iamamistake/pi/pico/pico-sdk/src/rp2_common/pico_double/double_init_rom.c.obj
                0x00000000200013d8                sd_table
 COMMON         0x00000000200014d8      0x100 CMakeFiles/closed-loop-stepper-motor-control.dir/home/iamamistake/pi/pico/pico-sdk/src/rp2_common/pico_float/float_init_rom.c.obj
                0x00000000200014d8                sf_table
 COMMON         0x00000000200015d8       0xc0 CMakeFiles/closed-loop-stepper-motor-control.dir/home/iamamistake/pi/pico/pico-sdk/lib/tinyusb/src/device/usbd.c.obj
                0x00000000200015d8                _usbd_qdef_buf
                0x0000000020001698                . = ALIGN (0x4)
                0x0000000020001698                __bss_end__ = .

.heap           0x0000000020001698      0x800
                0x0000000020001698                __end__ = .
                0x0000000020001698                end = __end__
 *(.heap*)
 .heap          0x0000000020001698      0x800 CMakeFiles/closed-loop-stepper-motor-control.dir/home/iamamistake/pi/pico/pico-sdk/src/rp2_common/pico_standard_link/crt0.S.obj
                0x0000000020001e98                __HeapLimit = .

.stack1_dummy   0x0000000020040000        0x0
 *(.stack1*)

.stack_dummy    0x0000000020041000      0x800
 *(.stack*)
 .stack         0x0000000020041000      0x800 CMakeFiles/closed-loop-stepper-motor-control.dir/home/iamamistake/pi/pico/pico-sdk/src/rp2_common/pico_standard_link/crt0.S.obj

.flash_end      0x0000000010006dd0        0x0
                0x0000000010006dd0                PROVIDE (__flash_binary_end = .)
                0x0000000020040000                __StackLimit = (ORIGIN (RAM) + LENGTH (RAM))
                0x0000000020041000                __StackOneTop = (ORIGIN (SCRATCH_X) + LENGTH (SCRATCH_X))
                0x0000000020042000                __StackTop = (ORIGIN (SCRATCH_Y) + LENGTH (SCRATCH_Y))
                0x0000000020041000                __StackOneBottom = (__StackOneTop - SIZEOF (.stack1_dummy))
                0x0000000020041800                __StackBottom = (__StackTop - SIZEOF (.stack_dummy))
                0x0000000020042000                PROVIDE (__stack = __StackTop)
                0x0000000000000001                ASSERT ((__StackLimit >= __HeapLimit), region RAM overflowed)
                0x0000000000000001                ASSERT (((__binary_info_header_end - __logical_binary_start) <= 0x100), Binary info must be in first 256 bytes of the binary)
LOAD CMakeFiles/closed-loop-stepper-motor-control.dir/main.c.obj
LOAD CMakeFiles/closed-loop-stepper-motor-control.dir/common/system_config.c.obj
LOAD CMakeFiles/closed-loop-stepper-motor-control.dir/common/system_utils.c.obj
LOAD CMakeFiles/closed-loop-stepper-motor-control.dir/drivers/stepper_motor/stepper_motor_drv.c.obj
LOAD CMakeFiles/closed-loop-stepper-motor-control.dir/drivers/encoder/encoder_drv.c.obj
LOAD CMakeFiles/closed-loop-stepper-motor-control.dir/components/ipc/ipc.c.obj
LOAD CMakeFiles/closed-loop-stepper-motor-control.dir/components/scheduler/scheduler.c.obj
LOAD CMakeFiles/closed-loop-stepper-motor-control.dir/application/user_application.c.obj
LOAD CMakeFiles/closed-loop-stepper-motor-control.dir/home/iamamistake/pi/pico/pico-sdk/src/rp2_common/pico_stdlib/stdlib.c.obj
LOAD CMakeFiles/closed-loop-stepper-motor-control.dir/home/iamamistake/pi/pico/pico-sdk/src/rp2_common/hardware_gpio/gpio.c.obj
LOAD CMakeFiles/closed-loop-stepper-motor-control.dir/home/iamamistake/pi/pico/pico-sdk/src/rp2_common/pico_platform/platform.c.obj
LOAD CMakeFiles/closed-loop-stepper-motor-control.dir/home/iamamistake/pi/pico/pico-sdk/src/rp2_common/hardware_claim/claim.c.obj
LOAD CMakeFiles/closed-loop-stepper-motor-control.dir/home/iamamistake/pi/pico/pico-sdk/src/rp2_common/hardware_sync/sync.c.obj
LOAD CMakeFiles/closed-loop-stepper-motor-control.dir/home/iamamistake/pi/pico/pico-sdk/src/rp2_common/hardware_irq/irq.c.obj
LOAD CMakeFiles/closed-loop-stepper-motor-control.dir/home/iamamistake/pi/pico/pico-sdk/src/rp2_common/hardware_irq/irq_handler_chain.S.obj
LOAD CMakeFiles/closed-loop-stepper-motor-control.dir/home/iamamistake/pi/pico/pico-sdk/src/common/pico_sync/sem.c.obj
LOAD CMakeFiles/closed-loop-stepper-motor-control.dir/home/iamamistake/pi/pico/pico-sdk/src/common/pico_sync/lock_core.c.obj
LOAD CMakeFiles/closed-loop-stepper-motor-control.dir/home/iamamistake/pi/pico/pico-sdk/src/common/pico_sync/mutex.c.obj
LOAD CMakeFiles/closed-loop-stepper-motor-control.dir/home/iamamistake/pi/pico/pico-sdk/src/common/pico_sync/critical_section.c.obj
LOAD CMakeFiles/closed-loop-stepper-motor-control.dir/home/iamamistake/pi/pico/pico-sdk/src/common/pico_time/time.c.obj
LOAD CMakeFiles/closed-loop-stepper-motor-control.dir/home/iamamistake/pi/pico/pico-sdk/src/common/pico_time/timeout_helper.c.obj
LOAD CMakeFiles/closed-loop-stepper-motor-control.dir/home/iamamistake/pi/pico/pico-sdk/src/rp2_common/hardware_timer/timer.c.obj
LOAD CMakeFiles/closed-loop-stepper-motor-control.dir/home/iamamistake/pi/pico/pico-sdk/src/common/pico_util/datetime.c.obj
LOAD CMakeFiles/closed-loop-stepper-motor-control.dir/home/iamamistake/pi/pico/pico-sdk/src/common/pico_util/pheap.c.obj
LOAD CMakeFiles/closed-loop-stepper-motor-control.dir/home/iamamistake/pi/pico/pico-sdk/src/common/pico_util/queue.c.obj
LOAD CMakeFiles/closed-loop-stepper-motor-control.dir/home/iamamistake/pi/pico/pico-sdk/src/rp2_common/hardware_uart/uart.c.obj
LOAD CMakeFiles/closed-loop-stepper-motor-control.dir/home/iamamistake/pi/pico/pico-sdk/src/rp2_common/hardware_clocks/clocks.c.obj
LOAD CMakeFiles/closed-loop-stepper-motor-control.dir/home/iamamistake/pi/pico/pico-sdk/src/rp2_common/hardware_pll/pll.c.obj
LOAD CMakeFiles/closed-loop-stepper-motor-control.dir/home/iamamistake/pi/pico/pico-sdk/src/rp2_common/hardware_vreg/vreg.c.obj
LOAD CMakeFiles/closed-loop-stepper-motor-control.dir/home/iamamistake/pi/pico/pico-sdk/src/rp2_common/hardware_watchdog/watchdog.c.obj
LOAD CMakeFiles/closed-loop-stepper-motor-control.dir/home/iamamistake/pi/pico/pico-sdk/src/rp2_common/hardware_xosc/xosc.c.obj
LOAD CMakeFiles/closed-loop-stepper-motor-control.dir/home/iamamistake/pi/pico/pico-sdk/src/rp2_common/hardware_divider/divider.S.obj
LOAD CMakeFiles/closed-loop-stepper-motor-control.dir/home/iamamistake/pi/pico/pico-sdk/src/rp2_common/pico_runtime/runtime.c.obj
LOAD CMakeFiles/closed-loop-stepper-motor-control.dir/home/iamamistake/pi/pico/pico-sdk/src/rp2_common/pico_printf/printf.c.obj
LOAD CMakeFiles/closed-loop-stepper-motor-control.dir/home/iamamistake/pi/pico/pico-sdk/src/rp2_common/pico_bit_ops/bit_ops_aeabi.S.obj
LOAD CMakeFiles/closed-loop-stepper-motor-control.dir/home/iamamistake/pi/pico/pico-sdk/src/rp2_common/pico_bootrom/bootrom.c.obj
LOAD CMakeFiles/closed-loop-stepper-motor-control.dir/home/iamamistake/pi/pico/pico-sdk/src/rp2_common/pico_divider/divider.S.obj
LOAD CMakeFiles/closed-loop-stepper-motor-control.dir/home/iamamistake/pi/pico/pico-sdk/src/rp2_common/pico_double/double_aeabi.S.obj
LOAD CMakeFiles/closed-loop-stepper-motor-control.dir/home/iamamistake/pi/pico/pico-sdk/src/rp2_common/pico_double/double_init_rom.c.obj
LOAD CMakeFiles/closed-loop-stepper-motor-control.dir/home/iamamistake/pi/pico/pico-sdk/src/rp2_common/pico_double/double_math.c.obj
LOAD CMakeFiles/closed-loop-stepper-motor-control.dir/home/iamamistake/pi/pico/pico-sdk/src/rp2_common/pico_double/double_v1_rom_shim.S.obj
LOAD CMakeFiles/closed-loop-stepper-motor-control.dir/home/iamamistake/pi/pico/pico-sdk/src/rp2_common/pico_int64_ops/pico_int64_ops_aeabi.S.obj
LOAD CMakeFiles/closed-loop-stepper-motor-control.dir/home/iamamistake/pi/pico/pico-sdk/src/rp2_common/pico_float/float_aeabi.S.obj
LOAD CMakeFiles/closed-loop-stepper-motor-control.dir/home/iamamistake/pi/pico/pico-sdk/src/rp2_common/pico_float/float_init_rom.c.obj
LOAD CMakeFiles/closed-loop-stepper-motor-control.dir/home/iamamistake/pi/pico/pico-sdk/src/rp2_common/pico_float/float_math.c.obj
LOAD CMakeFiles/closed-loop-stepper-motor-control.dir/home/iamamistake/pi/pico/pico-sdk/src/rp2_common/pico_float/float_v1_rom_shim.S.obj
LOAD CMakeFiles/closed-loop-stepper-motor-control.dir/home/iamamistake/pi/pico/pico-sdk/src/rp2_common/pico_malloc/pico_malloc.c.obj
LOAD CMakeFiles/closed-loop-stepper-motor-control.dir/home/iamamistake/pi/pico/pico-sdk/src/rp2_common/pico_mem_ops/mem_ops_aeabi.S.obj
LOAD CMakeFiles/closed-loop-stepper-motor-control.dir/home/iamamistake/pi/pico/pico-sdk/src/rp2_common/pico_standard_link/crt0.S.obj